Component: ARM Compiler 5.06 update 6 (build 750) Tool: armlink [4d35ed]

==============================================================================

Section Cross References

    main.o(i.GPIO_ConfigAN) refers to stm32l4xx_hal_gpio.o(i.HAL_GPIO_Init) for HAL_GPIO_Init
    main.o(i.HAL_TIM_PeriodElapsedCallback) refers to stm32l4xx_hal.o(i.HAL_IncTick) for HAL_IncTick
    main.o(i.PostSleepProcessing) refers to main.o(i.SystemClock_Config) for SystemClock_Config
    main.o(i.PostSleepProcessing) refers to stm32l4xx_hal_timebase_tim.o(i.HAL_ResumeTick) for HAL_ResumeTick
    main.o(i.PreSleepProcessing) refers to main.o(i.GPIO_ConfigAN) for GPIO_ConfigAN
    main.o(i.PreSleepProcessing) refers to stm32l4xx_hal_rtc_ex.o(i.HAL_RTCEx_DeactivateWakeUpTimer) for HAL_RTCEx_DeactivateWakeUpTimer
    main.o(i.PreSleepProcessing) refers to stm32l4xx_hal_rtc_ex.o(i.HAL_RTCEx_SetWakeUpTimer_IT) for HAL_RTCEx_SetWakeUpTimer_IT
    main.o(i.PreSleepProcessing) refers to stm32l4xx_hal_timebase_tim.o(i.HAL_SuspendTick) for HAL_SuspendTick
    main.o(i.PreSleepProcessing) refers to stm32l4xx_hal_pwr.o(i.HAL_PWR_EnterSTANDBYMode) for HAL_PWR_EnterSTANDBYMode
    main.o(i.PreSleepProcessing) refers to bsp_cpu_rtc.o(.bss) for RtcHandle
    main.o(i.PreSleepProcessing) refers to main.o(.data) for config
    main.o(i.SystemClock_Config) refers to memseta.o(.text) for __aeabi_memclr4
    main.o(i.SystemClock_Config) refers to stm32l4xx_hal_pwr_ex.o(i.HAL_PWREx_ControlVoltageScaling) for HAL_PWREx_ControlVoltageScaling
    main.o(i.SystemClock_Config) refers to main.o(i.Error_Handler) for Error_Handler
    main.o(i.SystemClock_Config) refers to stm32l4xx_hal_rcc.o(i.HAL_RCC_OscConfig) for HAL_RCC_OscConfig
    main.o(i.SystemClock_Config) refers to stm32l4xx_hal_rcc.o(i.HAL_RCC_ClockConfig) for HAL_RCC_ClockConfig
    main.o(i.SystemClock_Config) refers to stm32l4xx_hal_rcc_ex.o(i.HAL_RCCEx_PeriphCLKConfig) for HAL_RCCEx_PeriphCLKConfig
    main.o(i.SystemClock_Config_copy) refers to memseta.o(.text) for __aeabi_memclr4
    main.o(i.SystemClock_Config_copy) refers to stm32l4xx_hal_pwr_ex.o(i.HAL_PWREx_ControlVoltageScaling) for HAL_PWREx_ControlVoltageScaling
    main.o(i.SystemClock_Config_copy) refers to main.o(i.Error_Handler) for Error_Handler
    main.o(i.SystemClock_Config_copy) refers to stm32l4xx_hal_rcc.o(i.HAL_RCC_OscConfig) for HAL_RCC_OscConfig
    main.o(i.SystemClock_Config_copy) refers to stm32l4xx_hal_rcc.o(i.HAL_RCC_ClockConfig) for HAL_RCC_ClockConfig
    main.o(i.SystemClock_Config_copy) refers to stm32l4xx_hal_rcc_ex.o(i.HAL_RCCEx_PeriphCLKConfig) for HAL_RCCEx_PeriphCLKConfig
    main.o(i.iap_load_app) refers to main.o(.data) for jump2app
    main.o(i.main) refers to bsp.o(i.bsp_Init) for bsp_Init
    main.o(i.main) refers to bsp_flash.o(i.Flash_Erase) for Flash_Erase
    main.o(i.main) refers to bsp_flash.o(i.RDBYTES) for RDBYTES
    main.o(i.main) refers to bsp_flash.o(i.WRBYTES) for WRBYTES
    main.o(i.main) refers to bsp_flash.o(i.saveConfig) for saveConfig
    main.o(i.main) refers to main.o(i.iap_load_app) for iap_load_app
    main.o(i.main) refers to main.o(.data) for config
    main.o(i.main) refers to main.o(.bss) for update_program
    main.o(i.rtc_awaketime) refers to bsp_cpu_rtc.o(i.RTC_ReadClock) for RTC_ReadClock
    main.o(i.rtc_awaketime) refers to bsp_cpu_rtc.o(i.RTC_ConvertDatetimeToSeconds) for RTC_ConvertDatetimeToSeconds
    main.o(i.rtc_awaketime) refers to bsp_cpu_rtc.o(.data) for g_tRTC
    main.o(i.rtc_awaketime) refers to main.o(.data) for config
    stm32l4xx_it.o(i.TIM7_IRQHandler) refers to stm32l4xx_hal_tim.o(i.HAL_TIM_IRQHandler) for HAL_TIM_IRQHandler
    stm32l4xx_it.o(i.TIM7_IRQHandler) refers to stm32l4xx_hal_timebase_tim.o(.bss) for htim7
    stm32l4xx_hal_msp.o(i.HAL_MspInit) refers to stm32l4xx_hal_cortex.o(i.HAL_NVIC_SetPriority) for HAL_NVIC_SetPriority
    stm32l4xx_hal_msp.o(i.HAL_TIM_Base_MspDeInit) refers to stm32l4xx_hal_cortex.o(i.HAL_NVIC_DisableIRQ) for HAL_NVIC_DisableIRQ
    stm32l4xx_hal_msp.o(i.HAL_TIM_Base_MspInit) refers to stm32l4xx_hal_cortex.o(i.HAL_NVIC_SetPriority) for HAL_NVIC_SetPriority
    stm32l4xx_hal_msp.o(i.HAL_TIM_Base_MspInit) refers to stm32l4xx_hal_cortex.o(i.HAL_NVIC_EnableIRQ) for HAL_NVIC_EnableIRQ
    stm32l4xx_hal_timebase_tim.o(i.HAL_InitTick) refers to stm32l4xx_hal_cortex.o(i.HAL_NVIC_SetPriority) for HAL_NVIC_SetPriority
    stm32l4xx_hal_timebase_tim.o(i.HAL_InitTick) refers to stm32l4xx_hal_cortex.o(i.HAL_NVIC_EnableIRQ) for HAL_NVIC_EnableIRQ
    stm32l4xx_hal_timebase_tim.o(i.HAL_InitTick) refers to stm32l4xx_hal_rcc.o(i.HAL_RCC_GetClockConfig) for HAL_RCC_GetClockConfig
    stm32l4xx_hal_timebase_tim.o(i.HAL_InitTick) refers to stm32l4xx_hal_rcc.o(i.HAL_RCC_GetPCLK1Freq) for HAL_RCC_GetPCLK1Freq
    stm32l4xx_hal_timebase_tim.o(i.HAL_InitTick) refers to stm32l4xx_hal_tim.o(i.HAL_TIM_Base_Init) for HAL_TIM_Base_Init
[...]
    Removing stm32l4xx_hal_usart.o(.rrx_text), (6 bytes).
    Removing stm32l4xx_hal_usart.o(i.HAL_USART_Abort), (212 bytes).
    Removing stm32l4xx_hal_usart.o(i.HAL_USART_AbortCpltCallback), (2 bytes).
    Removing stm32l4xx_hal_usart.o(i.HAL_USART_Abort_IT), (264 bytes).
    Removing stm32l4xx_hal_usart.o(i.HAL_USART_DMAPause), (152 bytes).
    Removing stm32l4xx_hal_usart.o(i.HAL_USART_DMAResume), (122 bytes).
    Removing stm32l4xx_hal_usart.o(i.HAL_USART_DMAStop), (104 bytes).
    Removing stm32l4xx_hal_usart.o(i.HAL_USART_DeInit), (56 bytes).
    Removing stm32l4xx_hal_usart.o(i.HAL_USART_ErrorCallback), (2 bytes).
    Removing stm32l4xx_hal_usart.o(i.HAL_USART_GetError), (6 bytes).
    Removing stm32l4xx_hal_usart.o(i.HAL_USART_GetState), (8 bytes).
    Removing stm32l4xx_hal_usart.o(i.HAL_USART_IRQHandler), (504 bytes).
    Removing stm32l4xx_hal_usart.o(i.HAL_USART_Init), (102 bytes).
    Removing stm32l4xx_hal_usart.o(i.HAL_USART_MspDeInit), (2 bytes).
    Removing stm32l4xx_hal_usart.o(i.HAL_USART_MspInit), (2 bytes).
    Removing stm32l4xx_hal_usart.o(i.HAL_USART_Receive), (334 bytes).
    Removing stm32l4xx_hal_usart.o(i.HAL_USART_Receive_DMA), (272 bytes).
    Removing stm32l4xx_hal_usart.o(i.HAL_USART_Receive_IT), (340 bytes).
    Removing stm32l4xx_hal_usart.o(i.HAL_USART_RxCpltCallback), (2 bytes).
    Removing stm32l4xx_hal_usart.o(i.HAL_USART_RxHalfCpltCallback), (2 bytes).
    Removing stm32l4xx_hal_usart.o(i.HAL_USART_Transmit), (246 bytes).
    Removing stm32l4xx_hal_usart.o(i.HAL_USART_TransmitReceive), (458 bytes).
    Removing stm32l4xx_hal_usart.o(i.HAL_USART_TransmitReceive_DMA), (300 bytes).
    Removing stm32l4xx_hal_usart.o(i.HAL_USART_TransmitReceive_IT), (356 bytes).
    Removing stm32l4xx_hal_usart.o(i.HAL_USART_Transmit_DMA), (180 bytes).
    Removing stm32l4xx_hal_usart.o(i.HAL_USART_Transmit_IT), (184 bytes).
    Removing stm32l4xx_hal_usart.o(i.HAL_USART_TxCpltCallback), (2 bytes).
    Removing stm32l4xx_hal_usart.o(i.HAL_USART_TxHalfCpltCallback), (2 bytes).
    Removing stm32l4xx_hal_usart.o(i.HAL_USART_TxRxCpltCallback), (2 bytes).
    Removing stm32l4xx_hal_usart.o(i.USART_CheckIdleState), (110 bytes).
    Removing stm32l4xx_hal_usart.o(i.USART_DMAAbortOnError), (20 bytes).
    Removing stm32l4xx_hal_usart.o(i.USART_DMAError), (40 bytes).
    Removing stm32l4xx_hal_usart.o(i.USART_DMAReceiveCplt), (122 bytes).
    Removing stm32l4xx_hal_usart.o(i.USART_DMARxAbortCallback), (54 bytes).
    Removing stm32l4xx_hal_usart.o(i.USART_DMARxHalfCplt), (14 bytes).
    Removing stm32l4xx_hal_usart.o(i.USART_DMATransmitCplt), (70 bytes).
    Removing stm32l4xx_hal_usart.o(i.USART_DMATxAbortCallback), (54 bytes).
    Removing stm32l4xx_hal_usart.o(i.USART_DMATxHalfCplt), (14 bytes).
    Removing stm32l4xx_hal_usart.o(i.USART_EndTransfer), (36 bytes).
    Removing stm32l4xx_hal_usart.o(i.USART_EndTransmit_IT), (90 bytes).
    Removing stm32l4xx_hal_usart.o(i.USART_RxISR_16BIT), (188 bytes).
    Removing stm32l4xx_hal_usart.o(i.USART_RxISR_16BIT_FIFOEN), (310 bytes).
    Removing stm32l4xx_hal_usart.o(i.USART_RxISR_8BIT), (186 bytes).
    Removing stm32l4xx_hal_usart.o(i.USART_RxISR_8BIT_FIFOEN), (300 bytes).
    Removing stm32l4xx_hal_usart.o(i.USART_SetConfig), (1090 bytes).
    Removing stm32l4xx_hal_usart.o(i.USART_TxISR_16BIT), (70 bytes).
    Removing stm32l4xx_hal_usart.o(i.USART_TxISR_16BIT_FIFOEN), (94 bytes).
    Removing stm32l4xx_hal_usart.o(i.USART_TxISR_8BIT), (64 bytes).
    Removing stm32l4xx_hal_usart.o(i.USART_TxISR_8BIT_FIFOEN), (90 bytes).
    Removing stm32l4xx_hal_usart.o(i.USART_WaitOnFlagUntilTimeout), (80 bytes).
    Removing stm32l4xx_hal_usart_ex.o(.rev16_text), (4 bytes).
    Removing stm32l4xx_hal_usart_ex.o(.revsh_text), (4 bytes).
    Removing stm32l4xx_hal_usart_ex.o(.rrx_text), (6 bytes).
    Removing stm32l4xx_hal_usart_ex.o(i.HAL_USARTEx_ConfigNSS), (86 bytes).
    Removing stm32l4xx_hal_usart_ex.o(i.HAL_USARTEx_DisableFifoMode), (78 bytes).
    Removing stm32l4xx_hal_usart_ex.o(i.HAL_USARTEx_DisableSlaveMode), (84 bytes).
    Removing stm32l4xx_hal_usart_ex.o(i.HAL_USARTEx_EnableFifoMode), (88 bytes).
    Removing stm32l4xx_hal_usart_ex.o(i.HAL_USARTEx_EnableSlaveMode), (120 bytes).
    Removing stm32l4xx_hal_usart_ex.o(i.HAL_USARTEx_RxFifoFullCallback), (2 bytes).
    Removing stm32l4xx_hal_usart_ex.o(i.HAL_USARTEx_SetRxFifoThreshold), (94 bytes).
    Removing stm32l4xx_hal_usart_ex.o(i.HAL_USARTEx_SetTxFifoThreshold), (94 bytes).
    Removing stm32l4xx_hal_usart_ex.o(i.HAL_USARTEx_TxFifoEmptyCallback), (2 bytes).
    Removing stm32l4xx_hal_usart_ex.o(i.USARTEx_SetNbDataToProcess), (104 bytes).
    Removing stm32l4xx_hal_wwdg.o(.rev16_text), (4 bytes).
    Removing stm32l4xx_hal_wwdg.o(.revsh_text), (4 bytes).
    Removing stm32l4xx_hal_wwdg.o(.rrx_text), (6 bytes).
    Removing system_stm32l4xx.o(.rev16_text), (4 bytes).
    Removing system_stm32l4xx.o(.revsh_text), (4 bytes).
    Removing system_stm32l4xx.o(.rrx_text), (6 bytes).
    Removing system_stm32l4xx.o(i.SystemCoreClockUpdate), (236 bytes).
    Removing system_stm32l4xx.o(.constdata), (72 bytes).
    Removing system_stm32l4xx.o(.data), (4 bytes).
    Removing startup_stm32l4r9xx.o(HEAP), (512 bytes).
    Removing event_groups.o(i.prvTestWaitCondition), (30 bytes).
    Removing event_groups.o(i.uxEventGroupGetNumber), (14 bytes).
    Removing event_groups.o(i.vEventGroupClearBitsCallback), (16 bytes).
    Removing event_groups.o(i.vEventGroupDelete), (86 bytes).
    Removing event_groups.o(i.vEventGroupSetBitsCallback), (16 bytes).
    Removing event_groups.o(i.vEventGroupSetNumber), (4 bytes).
    Removing event_groups.o(i.xEventGroupClearBits), (92 bytes).
    Removing event_groups.o(i.xEventGroupClearBitsFromISR), (28 bytes).
    Removing event_groups.o(i.xEventGroupCreate), (30 bytes).
    Removing event_groups.o(i.xEventGroupCreateStatic), (90 bytes).
    Removing event_groups.o(i.xEventGroupGetBitsFromISR), (44 bytes).
    Removing event_groups.o(i.xEventGroupSetBits), (212 bytes).
    Removing event_groups.o(i.xEventGroupSetBitsFromISR), (36 bytes).
    Removing event_groups.o(i.xEventGroupSync), (278 bytes).
    Removing event_groups.o(i.xEventGroupWaitBits), (350 bytes).
    Removing list.o(i.vListInitialise), (26 bytes).
    Removing list.o(i.vListInitialiseItem), (6 bytes).
    Removing list.o(i.vListInsert), (52 bytes).
    Removing queue.o(i.pcQueueGetName), (44 bytes).
    Removing queue.o(i.prvCopyDataFromQueue), (42 bytes).
    Removing queue.o(i.prvCopyDataToQueue), (124 bytes).
    Removing queue.o(i.prvGetDisinheritPriorityAfterTimeout), (20 bytes).
    Removing queue.o(i.prvInitialiseMutex), (28 bytes).
    Removing queue.o(i.prvInitialiseNewQueue), (42 bytes).
    Removing queue.o(i.prvIsQueueEmpty), (26 bytes).
    Removing queue.o(i.prvIsQueueFull), (30 bytes).
    Removing queue.o(i.prvUnlockQueue), (126 bytes).
    Removing queue.o(i.ucQueueGetQueueType), (8 bytes).
    Removing queue.o(i.uxQueueGetQueueNumber), (6 bytes).
    Removing queue.o(i.uxQueueMessagesWaiting), (42 bytes).
    Removing queue.o(i.uxQueueMessagesWaitingFromISR), (30 bytes).
    Removing queue.o(i.uxQueueSpacesAvailable), (48 bytes).
    Removing queue.o(i.vQueueAddToRegistry), (44 bytes).
    Removing queue.o(i.vQueueDelete), (50 bytes).
    Removing queue.o(i.vQueueSetQueueNumber), (4 bytes).
    Removing queue.o(i.vQueueUnregisterQueue), (48 bytes).
    Removing queue.o(i.vQueueWaitForMessageRestricted), (74 bytes).
    Removing queue.o(i.xQueueCreateCountingSemaphore), (92 bytes).
    Removing queue.o(i.xQueueCreateCountingSemaphoreStatic), (100 bytes).
    Removing queue.o(i.xQueueCreateMutex), (34 bytes).
    Removing queue.o(i.xQueueCreateMutexStatic), (42 bytes).
    Removing queue.o(i.xQueueGenericCreate), (94 bytes).
    Removing queue.o(i.xQueueGenericCreateStatic), (222 bytes).
    Removing queue.o(i.xQueueGenericReset), (152 bytes).
    Removing queue.o(i.xQueueGenericSend), (424 bytes).
    Removing queue.o(i.xQueueGenericSendFromISR), (254 bytes).
    Removing queue.o(i.xQueueGetMutexHolder), (26 bytes).
    Removing queue.o(i.xQueueGetMutexHolderFromISR), (38 bytes).
    Removing queue.o(i.xQueueGiveFromISR), (224 bytes).
    Removing queue.o(i.xQueueGiveMutexRecursive), (72 bytes).
    Removing queue.o(i.xQueueIsQueueEmptyFromISR), (38 bytes).
    Removing queue.o(i.xQueueIsQueueFullFromISR), (42 bytes).
    Removing queue.o(i.xQueuePeek), (368 bytes).
    Removing queue.o(i.xQueuePeekFromISR), (176 bytes).
    Removing queue.o(i.xQueueReceive), (360 bytes).
    Removing queue.o(i.xQueueReceiveFromISR), (208 bytes).
    Removing queue.o(i.xQueueSemaphoreTake), (440 bytes).
    Removing queue.o(i.xQueueTakeMutexRecursive), (78 bytes).
    Removing queue.o(.bss), (64 bytes).
    Removing stream_buffer.o(i.prvBytesInBuffer), (24 bytes).
    Removing stream_buffer.o(i.prvInitialiseNewStreamBuffer), (96 bytes).
    Removing stream_buffer.o(i.prvReadBytesFromBuffer), (202 bytes).
    Removing stream_buffer.o(i.prvReadMessageFromBuffer), (78 bytes).
    Removing stream_buffer.o(i.prvWriteBytesToBuffer), (186 bytes).
    Removing stream_buffer.o(i.prvWriteMessageToBuffer), (92 bytes).
    Removing stream_buffer.o(i.ucStreamBufferGetStreamBufferType), (10 bytes).
    Removing stream_buffer.o(i.uxStreamBufferGetStreamBufferNumber), (6 bytes).
    Removing stream_buffer.o(i.vStreamBufferDelete), (56 bytes).
    Removing stream_buffer.o(i.vStreamBufferSetStreamBufferNumber), (4 bytes).
    Removing stream_buffer.o(i.xStreamBufferBytesAvailable), (42 bytes).
    Removing stream_buffer.o(i.xStreamBufferGenericCreate), (114 bytes).
    Removing stream_buffer.o(i.xStreamBufferGenericCreateStatic), (228 bytes).
    Removing stream_buffer.o(i.xStreamBufferIsEmpty), (46 bytes).
    Removing stream_buffer.o(i.xStreamBufferIsFull), (64 bytes).
    Removing stream_buffer.o(i.xStreamBufferReceive), (260 bytes).
    Removing stream_buffer.o(i.xStreamBufferReceiveCompletedFromISR), (102 bytes).
    Removing stream_buffer.o(i.xStreamBufferReceiveFromISR), (190 bytes).
    Removing stream_buffer.o(i.xStreamBufferReset), (86 bytes).
    Removing stream_buffer.o(i.xStreamBufferSend), (274 bytes).
    Removing stream_buffer.o(i.xStreamBufferSendCompletedFromISR), (102 bytes).
    Removing stream_buffer.o(i.xStreamBufferSendFromISR), (190 bytes).
    Removing stream_buffer.o(i.xStreamBufferSetTriggerLevel), (50 bytes).
    Removing stream_buffer.o(i.xStreamBufferSpacesAvailable), (54 bytes).
    Removing tasks.o(i.eTaskConfirmSleepModeStatus), (60 bytes).
    Removing tasks.o(i.eTaskGetState), (132 bytes).
    Removing tasks.o(i.pcTaskGetName), (48 bytes).
    Removing tasks.o(i.prvAddCurrentTaskToDelayedList), (124 bytes).
    Removing tasks.o(i.prvAddNewTaskToReadyList), (184 bytes).
    Removing tasks.o(i.prvCheckTasksWaitingTermination), (72 bytes).
    Removing tasks.o(i.prvDeleteTCB), (80 bytes).
    Removing tasks.o(i.prvGetExpectedIdleTime), (72 bytes).
    Removing tasks.o(i.prvIdleTask), (124 bytes).
    Removing tasks.o(i.prvInitialiseNewTask), (186 bytes).
    Removing tasks.o(i.prvInitialiseTaskLists), (104 bytes).
    Removing tasks.o(i.prvListTasksWithinSingleList), (106 bytes).
    Removing tasks.o(i.prvTaskCheckFreeStackSpace), (22 bytes).
    Removing tasks.o(i.prvTaskIsTaskSuspended), (88 bytes).
    Removing tasks.o(i.pvTaskIncrementMutexHeldCount), (32 bytes).
    Removing tasks.o(i.ulTaskNotifyTake), (116 bytes).
    Removing tasks.o(i.uxTaskGetNumberOfTasks), (12 bytes).
    Removing tasks.o(i.uxTaskGetStackHighWaterMark), (40 bytes).
    Removing tasks.o(i.uxTaskGetSystemState), (176 bytes).
    Removing tasks.o(i.uxTaskGetTaskNumber), (14 bytes).
    Removing tasks.o(i.uxTaskPriorityGet), (36 bytes).
    Removing tasks.o(i.uxTaskPriorityGetFromISR), (68 bytes).
    Removing tasks.o(i.uxTaskResetEventItemValue), (28 bytes).
    Removing tasks.o(i.vTaskDelay), (92 bytes).
    Removing tasks.o(i.vTaskDelayUntil), (212 bytes).
    Removing tasks.o(i.vTaskDelete), (200 bytes).
    Removing tasks.o(i.vTaskEndScheduler), (36 bytes).
    Removing tasks.o(i.vTaskGetInfo), (132 bytes).
    Removing tasks.o(i.vTaskInternalSetTimeOutState), (24 bytes).
    Removing tasks.o(i.vTaskMissedYield), (12 bytes).
    Removing tasks.o(i.vTaskNotifyGiveFromISR), (240 bytes).
    Removing tasks.o(i.vTaskPlaceOnEventList), (56 bytes).
    Removing tasks.o(i.vTaskPlaceOnEventListRestricted), (64 bytes).
    Removing tasks.o(i.vTaskPlaceOnUnorderedEventList), (108 bytes).
    Removing tasks.o(i.vTaskPriorityDisinheritAfterTimeout), (208 bytes).
    Removing tasks.o(i.vTaskPrioritySet), (256 bytes).
    Removing tasks.o(i.vTaskRemoveFromUnorderedEventList), (160 bytes).
    Removing tasks.o(i.vTaskResume), (144 bytes).
    Removing tasks.o(i.vTaskSetTaskNumber), (8 bytes).
    Removing tasks.o(i.vTaskSetTimeOutState), (60 bytes).
    Removing tasks.o(i.vTaskStartScheduler), (184 bytes).
    Removing tasks.o(i.vTaskStepTick), (64 bytes).
    Removing tasks.o(i.vTaskSuspend), (200 bytes).
    Removing tasks.o(i.vTaskSuspendAll), (16 bytes).
    Removing tasks.o(i.xTaskCheckForTimeOut), (140 bytes).
    Removing tasks.o(i.xTaskCreate), (106 bytes).
    Removing tasks.o(i.xTaskCreateStatic), (190 bytes).
    Removing tasks.o(i.xTaskGenericNotify), (260 bytes).
    Removing tasks.o(i.xTaskGenericNotifyFromISR), (326 bytes).
    Removing tasks.o(i.xTaskGetCurrentTaskHandle), (12 bytes).
    Removing tasks.o(i.xTaskGetSchedulerState), (32 bytes).
    Removing tasks.o(i.xTaskGetTickCount), (12 bytes).
    Removing tasks.o(i.xTaskGetTickCountFromISR), (20 bytes).
    Removing tasks.o(i.xTaskNotifyStateClear), (52 bytes).
    Removing tasks.o(i.xTaskNotifyWait), (160 bytes).
    Removing tasks.o(i.xTaskPriorityDisinherit), (164 bytes).
    Removing tasks.o(i.xTaskPriorityInherit), (164 bytes).
    Removing tasks.o(i.xTaskRemoveFromEventList), (156 bytes).
    Removing tasks.o(i.xTaskResumeAll), (260 bytes).
    Removing tasks.o(i.xTaskResumeFromISR), (176 bytes).
    Removing timers.o(i.pcTimerGetName), (32 bytes).
    Removing timers.o(i.prvCheckForValidListAndQueue), (116 bytes).
    Removing timers.o(i.prvGetNextExpireTime), (40 bytes).
    Removing timers.o(i.prvInitialiseNewTimer), (78 bytes).
    Removing timers.o(i.prvInsertTimerInActiveList), (88 bytes).
    Removing timers.o(i.prvProcessExpiredTimer), (100 bytes).
    Removing timers.o(i.prvProcessReceivedCommands), (296 bytes).
    Removing timers.o(i.prvProcessTimerOrBlockTask), (116 bytes).
    Removing timers.o(i.prvSampleTimeNow), (44 bytes).
    Removing timers.o(i.prvSwitchTimerLists), (160 bytes).
    Removing timers.o(i.prvTimerTask), (26 bytes).
    Removing timers.o(i.pvTimerGetTimerID), (44 bytes).
    Removing timers.o(i.uxTimerGetTimerNumber), (6 bytes).
    Removing timers.o(i.vTimerSetTimerID), (44 bytes).
    Removing timers.o(i.vTimerSetTimerNumber), (4 bytes).
    Removing timers.o(i.xTimerCreate), (60 bytes).
    Removing timers.o(i.xTimerCreateStatic), (118 bytes).
    Removing timers.o(i.xTimerCreateTimerTask), (120 bytes).
    Removing timers.o(i.xTimerGenericCommand), (132 bytes).
    Removing timers.o(i.xTimerGetExpiryTime), (34 bytes).
    Removing timers.o(i.xTimerGetPeriod), (32 bytes).
    Removing timers.o(i.xTimerGetTimerDaemonTaskHandle), (48 bytes).
    Removing timers.o(i.xTimerIsTimerActive), (56 bytes).
    Removing timers.o(i.xTimerPendFunctionCall), (80 bytes).
    Removing timers.o(i.xTimerPendFunctionCallFromISR), (52 bytes).
    Removing timers.o(.bss), (280 bytes).
    Removing timers.o(.data), (20 bytes).
    Removing cmsis_os2.o(.rev16_text), (4 bytes).
    Removing cmsis_os2.o(.revsh_text), (4 bytes).
    Removing cmsis_os2.o(.rrx_text), (6 bytes).
    Removing cmsis_os2.o(i.TimerCallback), (22 bytes).
    Removing cmsis_os2.o(i.__get_BASEPRI), (6 bytes).
    Removing cmsis_os2.o(i.__get_IPSR), (6 bytes).
    Removing cmsis_os2.o(i.__get_PRIMASK), (6 bytes).
    Removing cmsis_os2.o(i.osDelay), (56 bytes).
    Removing cmsis_os2.o(i.osDelayUntil), (64 bytes).
    Removing cmsis_os2.o(i.osEventFlagsClear), (96 bytes).
    Removing cmsis_os2.o(i.osEventFlagsDelete), (64 bytes).
    Removing cmsis_os2.o(i.osEventFlagsGet), (68 bytes).
    Removing cmsis_os2.o(i.osEventFlagsNew), (96 bytes).
    Removing cmsis_os2.o(i.osEventFlagsSet), (116 bytes).
    Removing cmsis_os2.o(i.osEventFlagsWait), (170 bytes).
    Removing cmsis_os2.o(i.osKernelGetInfo), (64 bytes).
    Removing cmsis_os2.o(i.osKernelGetState), (52 bytes).
    Removing cmsis_os2.o(i.osKernelGetSysTimerCount), (60 bytes).
    Removing cmsis_os2.o(i.osKernelGetSysTimerFreq), (12 bytes).
    Removing cmsis_os2.o(i.osKernelGetTickCount), (52 bytes).
    Removing cmsis_os2.o(i.osKernelGetTickFreq), (6 bytes).
    Removing cmsis_os2.o(i.osKernelInitialize), (64 bytes).
    Removing cmsis_os2.o(i.osKernelLock), (80 bytes).
    Removing cmsis_os2.o(i.osKernelRestoreLock), (112 bytes).
    Removing cmsis_os2.o(i.osKernelStart), (68 bytes).
    Removing cmsis_os2.o(i.osKernelUnlock), (92 bytes).
    Removing cmsis_os2.o(i.osMessageQueueDelete), (68 bytes).
    Removing cmsis_os2.o(i.osMessageQueueGet), (152 bytes).
    Removing cmsis_os2.o(i.osMessageQueueGetCapacity), (14 bytes).
    Removing cmsis_os2.o(i.osMessageQueueGetCount), (64 bytes).
    Removing cmsis_os2.o(i.osMessageQueueGetMsgSize), (14 bytes).
    Removing cmsis_os2.o(i.osMessageQueueGetSpace), (100 bytes).
    Removing cmsis_os2.o(i.osMessageQueueNew), (184 bytes).
    Removing cmsis_os2.o(i.osMessageQueuePut), (156 bytes).
    Removing cmsis_os2.o(i.osMessageQueueReset), (64 bytes).
    Removing cmsis_os2.o(i.osMutexAcquire), (124 bytes).
    Removing cmsis_os2.o(i.osMutexDelete), (72 bytes).
    Removing cmsis_os2.o(i.osMutexGetOwner), (56 bytes).
    Removing cmsis_os2.o(i.osMutexNew), (208 bytes).
    Removing cmsis_os2.o(i.osMutexRelease), (104 bytes).
    Removing cmsis_os2.o(i.osSemaphoreAcquire), (132 bytes).
    Removing cmsis_os2.o(i.osSemaphoreDelete), (68 bytes).
    Removing cmsis_os2.o(i.osSemaphoreGetCount), (64 bytes).
    Removing cmsis_os2.o(i.osSemaphoreNew), (236 bytes).
    Removing cmsis_os2.o(i.osSemaphoreRelease), (116 bytes).
    Removing cmsis_os2.o(i.osThreadEnumerate), (132 bytes).
    Removing cmsis_os2.o(i.osThreadExit), (10 bytes).
    Removing cmsis_os2.o(i.osThreadFlagsClear), (112 bytes).
    Removing cmsis_os2.o(i.osThreadFlagsGet), (72 bytes).
    Removing cmsis_os2.o(i.osThreadFlagsSet), (152 bytes).
    Removing cmsis_os2.o(i.osThreadFlagsWait), (210 bytes).
    Removing cmsis_os2.o(i.osThreadGetCount), (48 bytes).
    Removing cmsis_os2.o(i.osThreadGetId), (48 bytes).
    Removing cmsis_os2.o(i.osThreadGetName), (56 bytes).
    Removing cmsis_os2.o(i.osThreadGetPriority), (56 bytes).
    Removing cmsis_os2.o(i.osThreadGetStackSize), (6 bytes).
    Removing cmsis_os2.o(i.osThreadGetStackSpace), (56 bytes).
    Removing cmsis_os2.o(i.osThreadGetState), (96 bytes).
    Removing cmsis_os2.o(i.osThreadNew), (220 bytes).
    Removing cmsis_os2.o(i.osThreadResume), (64 bytes).
    Removing cmsis_os2.o(i.osThreadSetPriority), (80 bytes).
    Removing cmsis_os2.o(i.osThreadSuspend), (64 bytes).
    Removing cmsis_os2.o(i.osThreadTerminate), (84 bytes).
    Removing cmsis_os2.o(i.osThreadYield), (64 bytes).
    Removing cmsis_os2.o(i.osTimerDelete), (96 bytes).
    Removing cmsis_os2.o(i.osTimerGetName), (56 bytes).
    Removing cmsis_os2.o(i.osTimerIsRunning), (56 bytes).
    Removing cmsis_os2.o(i.osTimerNew), (210 bytes).
    Removing cmsis_os2.o(i.osTimerStart), (84 bytes).
    Removing cmsis_os2.o(i.osTimerStop), (96 bytes).
    Removing cmsis_os2.o(i.vApplicationGetIdleTaskMemory), (24 bytes).
    Removing cmsis_os2.o(i.vApplicationGetTimerTaskMemory), (24 bytes).
    Removing cmsis_os2.o(.bss), (1720 bytes).
    Removing cmsis_os2.o(.data), (4 bytes).
    Removing heap_4.o(i.prvHeapInit), (124 bytes).
    Removing heap_4.o(i.prvInsertBlockIntoFreeList), (104 bytes).
    Removing heap_4.o(i.pvPortMalloc), (316 bytes).
    Removing heap_4.o(i.vPortFree), (148 bytes).
    Removing heap_4.o(i.vPortInitialiseBlocks), (2 bytes).
    Removing heap_4.o(i.xPortGetFreeHeapSize), (12 bytes).
    Removing heap_4.o(i.xPortGetMinimumEverFreeHeapSize), (12 bytes).
    Removing heap_4.o(.bss), (8000 bytes).
    Removing heap_4.o(.data), (24 bytes).
    Removing port.o(i.prvTaskExitError), (64 bytes).
    Removing port.o(i.pxPortInitialiseStack), (44 bytes).
    Removing port.o(i.vPortEndScheduler), (48 bytes).
    Removing port.o(i.vPortEnterCritical), (84 bytes).
    Removing port.o(i.vPortExitCritical), (60 bytes).
    Removing port.o(i.vPortSetupTimerInterrupt), (104 bytes).
    Removing port.o(i.vPortSuppressTicksAndSleep), (352 bytes).
    Removing port.o(i.vPortValidateInterruptPriority), (120 bytes).
    Removing port.o(i.xPortStartScheduler), (360 bytes).
    Removing port.o(.data), (24 bytes).
    Removing arm_cfft_f32.o(.text), (0 bytes).
    Removing arm_cfft_f32.o(.text.arm_cfft_radix8by2_f32), (412 bytes).
    Removing arm_cfft_f32.o(.ARM.exidx.text.arm_cfft_radix8by2_f32), (8 bytes).
    Removing arm_cfft_f32.o(.text.arm_cfft_radix8by4_f32), (1072 bytes).
    Removing arm_cfft_f32.o(.ARM.exidx.text.arm_cfft_radix8by4_f32), (8 bytes).
    Removing arm_cfft_f32.o(.text.arm_cfft_f32), (224 bytes).
    Removing arm_cfft_f32.o(.ARM.exidx.text.arm_cfft_f32), (8 bytes).
    Removing arm_const_structs.o(.text), (0 bytes).
    Removing arm_const_structs.o(.rodata.arm_cfft_sR_f32_len16), (16 bytes).
    Removing arm_const_structs.o(.rodata.arm_cfft_sR_f32_len32), (16 bytes).
    Removing arm_const_structs.o(.rodata.arm_cfft_sR_f32_len64), (16 bytes).
    Removing arm_const_structs.o(.rodata.arm_cfft_sR_f32_len128), (16 bytes).
    Removing arm_const_structs.o(.rodata.arm_cfft_sR_f32_len256), (16 bytes).
    Removing arm_const_structs.o(.rodata.arm_cfft_sR_f32_len512), (16 bytes).
    Removing arm_const_structs.o(.rodata.arm_cfft_sR_f32_len1024), (16 bytes).
    Removing arm_const_structs.o(.rodata.arm_cfft_sR_f32_len2048), (16 bytes).
    Removing arm_const_structs.o(.rodata.arm_cfft_sR_f32_len4096), (16 bytes).
    Removing arm_const_structs.o(.rodata.arm_cfft_sR_q31_len16), (16 bytes).
    Removing arm_const_structs.o(.rodata.arm_cfft_sR_q31_len32), (16 bytes).
    Removing arm_const_structs.o(.rodata.arm_cfft_sR_q31_len64), (16 bytes).
    Removing arm_const_structs.o(.rodata.arm_cfft_sR_q31_len128), (16 bytes).
    Removing arm_const_structs.o(.rodata.arm_cfft_sR_q31_len256), (16 bytes).
    Removing arm_const_structs.o(.rodata.arm_cfft_sR_q31_len512), (16 bytes).
    Removing arm_const_structs.o(.rodata.arm_cfft_sR_q31_len1024), (16 bytes).
    Removing arm_const_structs.o(.rodata.arm_cfft_sR_q31_len2048), (16 bytes).
    Removing arm_const_structs.o(.rodata.arm_cfft_sR_q31_len4096), (16 bytes).
    Removing arm_const_structs.o(.rodata.arm_cfft_sR_q15_len16), (16 bytes).
    Removing arm_const_structs.o(.rodata.arm_cfft_sR_q15_len32), (16 bytes).
    Removing arm_const_structs.o(.rodata.arm_cfft_sR_q15_len64), (16 bytes).
    Removing arm_const_structs.o(.rodata.arm_cfft_sR_q15_len128), (16 bytes).
    Removing arm_const_structs.o(.rodata.arm_cfft_sR_q15_len256), (16 bytes).
    Removing arm_const_structs.o(.rodata.arm_cfft_sR_q15_len512), (16 bytes).
    Removing arm_const_structs.o(.rodata.arm_cfft_sR_q15_len1024), (16 bytes).
    Removing arm_const_structs.o(.rodata.arm_cfft_sR_q15_len2048), (16 bytes).
    Removing arm_const_structs.o(.rodata.arm_cfft_sR_q15_len4096), (16 bytes).
    Removing arm_const_structs.o(.rodata.arm_rfft_fast_sR_f32_len32), (24 bytes).
    Removing arm_const_structs.o(.rodata.arm_rfft_fast_sR_f32_len64), (24 bytes).
    Removing arm_const_structs.o(.rodata.arm_rfft_fast_sR_f32_len128), (24 bytes).
    Removing arm_const_structs.o(.rodata.arm_rfft_fast_sR_f32_len256), (24 bytes).
    Removing arm_const_structs.o(.rodata.arm_rfft_fast_sR_f32_len512), (24 bytes).
    Removing arm_const_structs.o(.rodata.arm_rfft_fast_sR_f32_len1024), (24 bytes).
    Removing arm_const_structs.o(.rodata.arm_rfft_fast_sR_f32_len2048), (24 bytes).
    Removing arm_const_structs.o(.rodata.arm_rfft_fast_sR_f32_len4096), (24 bytes).
    Removing arm_const_structs.o(.rodata.arm_rfft_sR_q31_len32), (24 bytes).
    Removing arm_const_structs.o(.rodata.arm_rfft_sR_q31_len64), (24 bytes).
    Removing arm_const_structs.o(.rodata.arm_rfft_sR_q31_len128), (24 bytes).
    Removing arm_const_structs.o(.rodata.arm_rfft_sR_q31_len256), (24 bytes).
    Removing arm_const_structs.o(.rodata.arm_rfft_sR_q31_len512), (24 bytes).
    Removing arm_const_structs.o(.rodata.arm_rfft_sR_q31_len1024), (24 bytes).
    Removing arm_const_structs.o(.rodata.arm_rfft_sR_q31_len2048), (24 bytes).
    Removing arm_const_structs.o(.rodata.arm_rfft_sR_q31_len4096), (24 bytes).
    Removing arm_const_structs.o(.rodata.arm_rfft_sR_q31_len8192), (24 bytes).
    Removing arm_const_structs.o(.rodata.arm_rfft_sR_q15_len32), (24 bytes).
    Removing arm_const_structs.o(.rodata.arm_rfft_sR_q15_len64), (24 bytes).
    Removing arm_const_structs.o(.rodata.arm_rfft_sR_q15_len128), (24 bytes).
    Removing arm_const_structs.o(.rodata.arm_rfft_sR_q15_len256), (24 bytes).
    Removing arm_const_structs.o(.rodata.arm_rfft_sR_q15_len512), (24 bytes).
    Removing arm_const_structs.o(.rodata.arm_rfft_sR_q15_len1024), (24 bytes).
    Removing arm_const_structs.o(.rodata.arm_rfft_sR_q15_len2048), (24 bytes).
    Removing arm_const_structs.o(.rodata.arm_rfft_sR_q15_len4096), (24 bytes).
    Removing arm_const_structs.o(.rodata.arm_rfft_sR_q15_len8192), (24 bytes).
    Removing arm_bitreversal2.o(.text), (0 bytes).
    Removing arm_bitreversal2.o(.text.arm_bitreversal_32), (64 bytes).
    Removing arm_bitreversal2.o(.ARM.exidx.text.arm_bitreversal_32), (8 bytes).
    Removing arm_bitreversal2.o(.text.arm_bitreversal_16), (64 bytes).
    Removing arm_bitreversal2.o(.ARM.exidx.text.arm_bitreversal_16), (8 bytes).
    Removing arm_rfft_init_q15.o(.text), (0 bytes).
    Removing arm_rfft_init_q15.o(.text.arm_rfft_init_q15), (210 bytes).
    Removing arm_rfft_init_q15.o(.ARM.exidx.text.arm_rfft_init_q15), (8 bytes).
    Removing arm_rfft_init_q15.o(.rodata.realCoefAQ15), (16384 bytes).
    Removing arm_rfft_init_q15.o(.rodata.realCoefBQ15), (16384 bytes).
    Removing arm_rfft_init_q31.o(.text), (0 bytes).
    Removing arm_rfft_init_q31.o(.text.arm_rfft_init_q31), (210 bytes).
    Removing arm_rfft_init_q31.o(.ARM.exidx.text.arm_rfft_init_q31), (8 bytes).
    Removing arm_rfft_init_q31.o(.rodata.realCoefAQ31), (32768 bytes).
    Removing arm_rfft_init_q31.o(.rodata.realCoefBQ31), (32768 bytes).
    Removing arm_cfft_radix8_f32.o(.text), (0 bytes).
    Removing arm_cfft_radix8_f32.o(.text.arm_radix8_butterfly_f32), (1466 bytes).
    Removing arm_cfft_radix8_f32.o(.ARM.exidx.text.arm_radix8_butterfly_f32), (8 bytes).
    Removing arm_common_tables.o(.text), (0 bytes).
    Removing arm_common_tables.o(.rodata.armBitRevTable), (2048 bytes).
    Removing arm_common_tables.o(.rodata.twiddleCoef_16), (128 bytes).
    Removing arm_common_tables.o(.rodata.twiddleCoef_32), (256 bytes).
    Removing arm_common_tables.o(.rodata.twiddleCoef_64), (512 bytes).
    Removing arm_common_tables.o(.rodata.twiddleCoef_128), (1024 bytes).
    Removing arm_common_tables.o(.rodata.twiddleCoef_256), (2048 bytes).
    Removing arm_common_tables.o(.rodata.twiddleCoef_512), (4096 bytes).
    Removing arm_common_tables.o(.rodata.twiddleCoef_1024), (8192 bytes).
    Removing arm_common_tables.o(.rodata.twiddleCoef_2048), (16384 bytes).
    Removing arm_common_tables.o(.rodata.twiddleCoef_4096), (32768 bytes).
    Removing arm_common_tables.o(.rodata.twiddleCoef_16_q31), (96 bytes).
    Removing arm_common_tables.o(.rodata.twiddleCoef_32_q31), (192 bytes).
    Removing arm_common_tables.o(.rodata.twiddleCoef_64_q31), (384 bytes).
    Removing arm_common_tables.o(.rodata.twiddleCoef_128_q31), (768 bytes).
    Removing arm_common_tables.o(.rodata.twiddleCoef_256_q31), (1536 bytes).
    Removing arm_common_tables.o(.rodata.twiddleCoef_512_q31), (3072 bytes).
    Removing arm_common_tables.o(.rodata.twiddleCoef_1024_q31), (6144 bytes).
    Removing arm_common_tables.o(.rodata.twiddleCoef_2048_q31), (12288 bytes).
    Removing arm_common_tables.o(.rodata.twiddleCoef_4096_q31), (24576 bytes).
    Removing arm_common_tables.o(.rodata.twiddleCoef_16_q15), (48 bytes).
    Removing arm_common_tables.o(.rodata.twiddleCoef_32_q15), (96 bytes).
    Removing arm_common_tables.o(.rodata.twiddleCoef_64_q15), (192 bytes).
    Removing arm_common_tables.o(.rodata.twiddleCoef_128_q15), (384 bytes).
    Removing arm_common_tables.o(.rodata.twiddleCoef_256_q15), (768 bytes).
    Removing arm_common_tables.o(.rodata.twiddleCoef_512_q15), (1536 bytes).
    Removing arm_common_tables.o(.rodata.twiddleCoef_1024_q15), (3072 bytes).
    Removing arm_common_tables.o(.rodata.twiddleCoef_2048_q15), (6144 bytes).
    Removing arm_common_tables.o(.rodata.twiddleCoef_4096_q15), (12288 bytes).
    Removing arm_common_tables.o(.rodata.armRecipTableQ15), (128 bytes).
    Removing arm_common_tables.o(.rodata.armRecipTableQ31), (256 bytes).
    Removing arm_common_tables.o(.rodata.armBitRevIndexTable16), (40 bytes).
    Removing arm_common_tables.o(.rodata.armBitRevIndexTable32), (96 bytes).
    Removing arm_common_tables.o(.rodata.armBitRevIndexTable64), (112 bytes).
    Removing arm_common_tables.o(.rodata.armBitRevIndexTable128), (416 bytes).
    Removing arm_common_tables.o(.rodata.armBitRevIndexTable256), (880 bytes).
    Removing arm_common_tables.o(.rodata.armBitRevIndexTable512), (896 bytes).
    Removing arm_common_tables.o(.rodata.armBitRevIndexTable1024), (3600 bytes).
    Removing arm_common_tables.o(.rodata.armBitRevIndexTable2048), (7616 bytes).
    Removing arm_common_tables.o(.rodata.armBitRevIndexTable4096), (8064 bytes).
    Removing arm_common_tables.o(.rodata.armBitRevIndexTable_fixed_16), (24 bytes).
    Removing arm_common_tables.o(.rodata.armBitRevIndexTable_fixed_32), (48 bytes).
    Removing arm_common_tables.o(.rodata.armBitRevIndexTable_fixed_64), (112 bytes).
    Removing arm_common_tables.o(.rodata.armBitRevIndexTable_fixed_128), (224 bytes).
    Removing arm_common_tables.o(.rodata.armBitRevIndexTable_fixed_256), (480 bytes).
    Removing arm_common_tables.o(.rodata.armBitRevIndexTable_fixed_512), (960 bytes).
    Removing arm_common_tables.o(.rodata.armBitRevIndexTable_fixed_1024), (1984 bytes).
    Removing arm_common_tables.o(.rodata.armBitRevIndexTable_fixed_2048), (3968 bytes).
    Removing arm_common_tables.o(.rodata.armBitRevIndexTable_fixed_4096), (8064 bytes).
    Removing arm_common_tables.o(.rodata.twiddleCoef_rfft_32), (128 bytes).
    Removing arm_common_tables.o(.rodata.twiddleCoef_rfft_64), (256 bytes).
    Removing arm_common_tables.o(.rodata.twiddleCoef_rfft_128), (512 bytes).
    Removing arm_common_tables.o(.rodata.twiddleCoef_rfft_256), (1024 bytes).
    Removing arm_common_tables.o(.rodata.twiddleCoef_rfft_512), (2048 bytes).
    Removing arm_common_tables.o(.rodata.twiddleCoef_rfft_1024), (4096 bytes).
    Removing arm_common_tables.o(.rodata.twiddleCoef_rfft_2048), (8192 bytes).
    Removing arm_common_tables.o(.rodata.twiddleCoef_rfft_4096), (16384 bytes).
    Removing arm_common_tables.o(.rodata.sinTable_f32), (2052 bytes).
    Removing arm_common_tables.o(.rodata.sinTable_q31), (2052 bytes).
    Removing arm_common_tables.o(.rodata.sinTable_q15), (1026 bytes).
    Removing dfltui.o(.text), (26 bytes).
    Removing dfixui.o(.text), (50 bytes).
    Removing f2d.o(.text), (38 bytes).
    Removing cdrcmple.o(.text), (48 bytes).
    Removing d2f.o(.text), (56 bytes).
    Removing fepilogue.o(.text), (110 bytes).
    Removing depilogue.o(.text), (186 bytes).
    Removing dadd.o(.text), (350 bytes).
    Removing dmul.o(.text), (234 bytes).
    Removing ddiv.o(.text), (222 bytes).
    Removing dneg.o(.text), (6 bytes).
    Removing dscalb.o(.text), (46 bytes).
    Removing drnd.o(.text), (136 bytes).
    Removing dflti.o(.text), (34 bytes).
    Removing cdcmple.o(.text), (48 bytes).
    Removing dsqrt.o(.text), (162 bytes).

1179 unused section(s) (total 484510 bytes) removed from the image.

==============================================================================

Image Symbol Table

    Local Symbols

    Symbol Name                              Value     Ov Type        Size  Object(Section)

    ../Drivers/STM32L4xx_HAL_Driver/Src/stm32l4xx_hal.c 0x00000000   Number         0  stm32l4xx_hal.o ABSOLUTE
    ../Drivers/STM32L4xx_HAL_Driver/Src/stm32l4xx_hal_cortex.c 0x00000000   Number         0  stm32l4xx_hal_cortex.o ABSOLUTE
    ../Drivers/STM32L4xx_HAL_Driver/Src/stm32l4xx_hal_dma.c 0x00000000   Number         0  stm32l4xx_hal_dma.o ABSOLUTE
    ../Drivers/STM32L4xx_HAL_Driver/Src/stm32l4xx_hal_dma_ex.c 0x00000000   Number         0  stm32l4xx_hal_dma_ex.o ABSOLUTE
    ../Drivers/STM32L4xx_HAL_Driver/Src/stm32l4xx_hal_exti.c 0x00000000   Number         0  stm32l4xx_hal_exti.o ABSOLUTE
    ../Drivers/STM32L4xx_HAL_Driver/Src/stm32l4xx_hal_flash.c 0x00000000   Number         0  stm32l4xx_hal_flash.o ABSOLUTE
    ../Drivers/STM32L4xx_HAL_Driver/Src/stm32l4xx_hal_flash_ex.c 0x00000000   Number         0  stm32l4xx_hal_flash_ex.o ABSOLUTE
    ../Drivers/STM32L4xx_HAL_Driver/Src/stm32l4xx_hal_flash_ramfunc.c 0x00000000   Number         0  stm32l4xx_hal_flash_ramfunc.o ABSOLUTE
    ../Drivers/STM32L4xx_HAL_Driver/Src/stm32l4xx_hal_gpio.c 0x00000000   Number         0  stm32l4xx_hal_gpio.o ABSOLUTE
    ../Drivers/STM32L4xx_HAL_Driver/Src/stm32l4xx_hal_pwr.c 0x00000000   Number         0  stm32l4xx_hal_pwr.o ABSOLUTE
    ../Drivers/STM32L4xx_HAL_Driver/Src/stm32l4xx_hal_pwr_ex.c 0x00000000   Number         0  stm32l4xx_hal_pwr_ex.o ABSOLUTE
    ../Drivers/STM32L4xx_HAL_Driver/Src/stm32l4xx_hal_rcc.c 0x00000000   Number         0  stm32l4xx_hal_rcc.o ABSOLUTE
    ../Drivers/STM32L4xx_HAL_Driver/Src/stm32l4xx_hal_rcc_ex.c 0x00000000   Number         0  stm32l4xx_hal_rcc_ex.o ABSOLUTE
    ../Drivers/STM32L4xx_HAL_Driver/Src/stm32l4xx_hal_rtc.c 0x00000000   Number         0  stm32l4xx_hal_rtc.o ABSOLUTE
    ../Drivers/STM32L4xx_HAL_Driver/Src/stm32l4xx_hal_rtc_ex.c 0x00000000   Number         0  stm32l4xx_hal_rtc_ex.o ABSOLUTE
    ../Drivers/STM32L4xx_HAL_Driver/Src/stm32l4xx_hal_tim.c 0x00000000   Number         0  stm32l4xx_hal_tim.o ABSOLUTE
    ../Drivers/STM32L4xx_HAL_Driver/Src/stm32l4xx_hal_tim_ex.c 0x00000000   Number         0  stm32l4xx_hal_tim_ex.o ABSOLUTE
    ../Middlewares/Third_Party/FreeRTOS/Source/CMSIS_RTOS_V2/cmsis_os2.c 0x00000000   Number         0  cmsis_os2.o ABSOLUTE
    ../Middlewares/Third_Party/FreeRTOS/Source/croutine.c 0x00000000   Number         0  croutine.o ABSOLUTE
    ../Middlewares/Third_Party/FreeRTOS/Source/event_groups.c 0x00000000   Number         0  event_groups.o ABSOLUTE
    ../Middlewares/Third_Party/FreeRTOS/Source/list.c 0x00000000   Number         0  list.o ABSOLUTE
    ../Middlewares/Third_Party/FreeRTOS/Source/portable/MemMang/heap_4.c 0x00000000   Number         0  heap_4.o ABSOLUTE
    ../Middlewares/Third_Party/FreeRTOS/Source/portable/RVDS/ARM_CM4F/port.c 0x00000000   Number         0  port.o ABSOLUTE
    ../Middlewares/Third_Party/FreeRTOS/Source/queue.c 0x00000000   Number         0  queue.o ABSOLUTE
    ../Middlewares/Third_Party/FreeRTOS/Source/stream_buffer.c 0x00000000   Number         0  stream_buffer.o ABSOLUTE
    ../Middlewares/Third_Party/FreeRTOS/Source/tasks.c 0x00000000   Number         0  tasks.o ABSOLUTE
    ../Middlewares/Third_Party/FreeRTOS/Source/timers.c 0x00000000   Number         0  timers.o ABSOLUTE
    ../Src/freertos.c                        0x00000000   Number         0  freertos.o ABSOLUTE
    ../Src/main.c                            0x00000000   Number         0  main.o ABSOLUTE
    ../Src/stm32l4xx_hal_msp.c               0x00000000   Number         0  stm32l4xx_hal_msp.o ABSOLUTE
    ../Src/stm32l4xx_hal_timebase_tim.c      0x00000000   Number         0  stm32l4xx_hal_timebase_tim.o ABSOLUTE
    ../Src/stm32l4xx_it.c                    0x00000000   Number         0  stm32l4xx_it.o ABSOLUTE
    ../Src/system_stm32l4xx.c                0x00000000   Number         0  system_stm32l4xx.o ABSOLUTE
    ../clib/../cmprslib/zerorunl2.c          0x00000000   Number         0  __dczerorl2.o ABSOLUTE
    ../clib/microlib/division.c              0x00000000   Number         0  uldiv.o ABSOLUTE
    ../clib/microlib/errno.c                 0x00000000   Number         0  errno.o ABSOLUTE
    ../clib/microlib/init/entry.s            0x00000000   Number         0  entry9b.o ABSOLUTE
    ../clib/microlib/init/entry.s            0x00000000   Number         0  entry9a.o ABSOLUTE
    ../clib/microlib/init/entry.s            0x00000000   Number         0  entry8b.o ABSOLUTE
    ../clib/microlib/init/entry.s            0x00000000   Number         0  entry.o ABSOLUTE
    ../clib/microlib/init/entry.s            0x00000000   Number         0  entry2.o ABSOLUTE
    ../clib/microlib/init/entry.s            0x00000000   Number         0  entry5.o ABSOLUTE
    ../clib/microlib/init/entry.s            0x00000000   Number         0  entry7a.o ABSOLUTE
    ../clib/microlib/init/entry.s            0x00000000   Number         0  entry11b.o ABSOLUTE
    ../clib/microlib/init/entry.s            0x00000000   Number         0  entry11a.o ABSOLUTE
    ../clib/microlib/init/entry.s            0x00000000   Number         0  entry10b.o ABSOLUTE
    ../clib/microlib/init/entry.s            0x00000000   Number         0  entry8a.o ABSOLUTE
    ../clib/microlib/init/entry.s            0x00000000   Number         0  entry7b.o ABSOLUTE
    ../clib/microlib/init/entry.s            0x00000000   Number         0  entry10a.o ABSOLUTE
    ../clib/microlib/longlong.c              0x00000000   Number         0  llshl.o ABSOLUTE
    ../clib/microlib/longlong.c              0x00000000   Number         0  llushr.o ABSOLUTE
    ../clib/microlib/longlong.c              0x00000000   Number         0  llsshr.o ABSOLUTE
    ../clib/microlib/string/memcpy.c         0x00000000   Number         0  memcpyb.o ABSOLUTE
    ../clib/microlib/string/memcpy.c         0x00000000   Number         0  memcpya.o ABSOLUTE
    ../clib/microlib/string/memset.c         0x00000000   Number         0  memset.o ABSOLUTE
    ../clib/microlib/string/memset.c         0x00000000   Number         0  memseta.o ABSOLUTE
    ../clib/microlib/stubs.s                 0x00000000   Number         0  iusefp.o ABSOLUTE
    ../fplib/microlib/d2f.c                  0x00000000   Number         0  d2f.o ABSOLUTE
    ../fplib/microlib/f2d.c                  0x00000000   Number         0  f2d.o ABSOLUTE
    ../fplib/microlib/fpadd.c                0x00000000   Number         0  dadd.o ABSOLUTE
    ../fplib/microlib/fpdiv.c                0x00000000   Number         0  ddiv.o ABSOLUTE
    ../fplib/microlib/fpepilogue.c           0x00000000   Number         0  depilogue.o ABSOLUTE
    ../fplib/microlib/fpepilogue.c           0x00000000   Number         0  fepilogue.o ABSOLUTE
    ../fplib/microlib/fpfix.c                0x00000000   Number         0  dfixui.o ABSOLUTE
    ../fplib/microlib/fpflt.c                0x00000000   Number         0  dfltui.o ABSOLUTE
    ../fplib/microlib/fpflt.c                0x00000000   Number         0  dflti.o ABSOLUTE
    ../fplib/microlib/fpmul.c                0x00000000   Number         0  dmul.o ABSOLUTE
    ../fplib/microlib/fpneg.c                0x00000000   Number         0  dneg.o ABSOLUTE
    ../fplib/microlib/fprnd.c                0x00000000   Number         0  drnd.o ABSOLUTE
    ../fplib/microlib/fpscalb.c              0x00000000   Number         0  dscalb.o ABSOLUTE
    ../fplib/microlib/fpsqrt.c               0x00000000   Number         0  dsqrt.o ABSOLUTE
    ../mathlib/dunder.c                      0x00000000   Number         0  dunder.o ABSOLUTE
    ../mathlib/fabs.c                        0x00000000   Number         0  fabs.o ABSOLUTE
    ../mathlib/fpclassify.c                  0x00000000   Number         0  fpclassify.o ABSOLUTE
    ../mathlib/poly.c                        0x00000000   Number         0  poly.o ABSOLUTE
    ../mathlib/pow.c                         0x00000000   Number         0  pow.o ABSOLUTE
    ../mathlib/pow.c                         0x00000000   Number         0  pow_x.o ABSOLUTE
    ../mathlib/qnan.c                        0x00000000   Number         0  qnan.o ABSOLUTE
    ../mathlib/round.c                       0x00000000   Number         0  round.o ABSOLUTE
    ../mathlib/sqrt.c                        0x00000000   Number         0  sqrt_x.o ABSOLUTE
    ../mathlib/sqrt.c                        0x00000000   Number         0  sqrt.o ABSOLUTE
    ..\Bsp\bsp.c                             0x00000000   Number         0  bsp.o ABSOLUTE
    ..\Bsp\bsp_cpu_rtc.c                     0x00000000   Number         0  bsp_cpu_rtc.o ABSOLUTE
    ..\Bsp\bsp_flash.c                       0x00000000   Number         0  bsp_flash.o ABSOLUTE
    ..\Bsp\bsp_led.c                         0x00000000   Number         0  bsp_led.o ABSOLUTE
    ..\Bsp\double_integral.c                 0x00000000   Number         0  double_integral.o ABSOLUTE
    ..\Drivers\STM32L4xx_HAL_Driver\Src\stm32l4xx_hal.c 0x00000000   Number         0  stm32l4xx_hal.o ABSOLUTE
    ..\Drivers\STM32L4xx_HAL_Driver\Src\stm32l4xx_hal_cortex.c 0x00000000   Number         0  stm32l4xx_hal_cortex.o ABSOLUTE
    ..\Drivers\STM32L4xx_HAL_Driver\Src\stm32l4xx_hal_dma.c 0x00000000   Number         0  stm32l4xx_hal_dma.o ABSOLUTE
    ..\Drivers\STM32L4xx_HAL_Driver\Src\stm32l4xx_hal_dma_ex.c 0x00000000   Number         0  stm32l4xx_hal_dma_ex.o ABSOLUTE
    ..\Drivers\STM32L4xx_HAL_Driver\Src\stm32l4xx_hal_exti.c 0x00000000   Number         0  stm32l4xx_hal_exti.o ABSOLUTE
    ..\Drivers\STM32L4xx_HAL_Driver\Src\stm32l4xx_hal_flash.c 0x00000000   Number         0  stm32l4xx_hal_flash.o ABSOLUTE
    ..\Drivers\STM32L4xx_HAL_Driver\Src\stm32l4xx_hal_flash_ex.c 0x00000000   Number         0  stm32l4xx_hal_flash_ex.o ABSOLUTE
    ..\Drivers\STM32L4xx_HAL_Driver\Src\stm32l4xx_hal_flash_ramfunc.c 0x00000000   Number         0  stm32l4xx_hal_flash_ramfunc.o ABSOLUTE
    ..\Drivers\STM32L4xx_HAL_Driver\Src\stm32l4xx_hal_gpio.c 0x00000000   Number         0  stm32l4xx_hal_gpio.o ABSOLUTE
    ..\Drivers\STM32L4xx_HAL_Driver\Src\stm32l4xx_hal_pwr.c 0x00000000   Number         0  stm32l4xx_hal_pwr.o ABSOLUTE
    ..\Drivers\STM32L4xx_HAL_Driver\Src\stm32l4xx_hal_pwr_ex.c 0x00000000   Number         0  stm32l4xx_hal_pwr_ex.o ABSOLUTE
    ..\Drivers\STM32L4xx_HAL_Driver\Src\stm32l4xx_hal_rcc.c 0x00000000   Number         0  stm32l4xx_hal_rcc.o ABSOLUTE
    ..\Drivers\STM32L4xx_HAL_Driver\Src\stm32l4xx_hal_rcc_ex.c 0x00000000   Number         0  stm32l4xx_hal_rcc_ex.o ABSOLUTE
    ..\Drivers\STM32L4xx_HAL_Driver\Src\stm32l4xx_hal_rtc.c 0x00000000   Number         0  stm32l4xx_hal_rtc.o ABSOLUTE
    ..\Drivers\STM32L4xx_HAL_Driver\Src\stm32l4xx_hal_rtc_ex.c 0x00000000   Number         0  stm32l4xx_hal_rtc_ex.o ABSOLUTE
    ..\Drivers\STM32L4xx_HAL_Driver\Src\stm32l4xx_hal_spi.c 0x00000000   Number         0  stm32l4xx_hal_spi.o ABSOLUTE
    ..\Drivers\STM32L4xx_HAL_Driver\Src\stm32l4xx_hal_tim.c 0x00000000   Number         0  stm32l4xx_hal_tim.o ABSOLUTE
    ..\Drivers\STM32L4xx_HAL_Driver\Src\stm32l4xx_hal_tim_ex.c 0x00000000   Number         0  stm32l4xx_hal_tim_ex.o ABSOLUTE
    ..\Drivers\STM32L4xx_HAL_Driver\Src\stm32l4xx_hal_uart.c 0x00000000   Number         0  stm32l4xx_hal_uart.o ABSOLUTE
    ..\Drivers\STM32L4xx_HAL_Driver\Src\stm32l4xx_hal_uart_ex.c 0x00000000   Number         0  stm32l4xx_hal_uart_ex.o ABSOLUTE
    ..\Drivers\STM32L4xx_HAL_Driver\Src\stm32l4xx_hal_usart.c 0x00000000   Number         0  stm32l4xx_hal_usart.o ABSOLUTE
    ..\Drivers\STM32L4xx_HAL_Driver\Src\stm32l4xx_hal_usart_ex.c 0x00000000   Number         0  stm32l4xx_hal_usart_ex.o ABSOLUTE
    ..\Drivers\STM32L4xx_HAL_Driver\Src\stm32l4xx_hal_wwdg.c 0x00000000   Number         0  stm32l4xx_hal_wwdg.o ABSOLUTE
    ..\Middlewares\Third_Party\FreeRTOS\Source\CMSIS_RTOS_V2\cmsis_os2.c 0x00000000   Number         0  cmsis_os2.o ABSOLUTE
    ..\Middlewares\Third_Party\FreeRTOS\Source\portable\RVDS\ARM_CM4F\port.c 0x00000000   Number         0  port.o ABSOLUTE
    ..\Src\freertos.c                        0x00000000   Number         0  freertos.o ABSOLUTE
    ..\Src\main.c                            0x00000000   Number         0  main.o ABSOLUTE
    ..\Src\stm32l4xx_hal_msp.c               0x00000000   Number         0  stm32l4xx_hal_msp.o ABSOLUTE
    ..\Src\stm32l4xx_hal_timebase_tim.c      0x00000000   Number         0  stm32l4xx_hal_timebase_tim.o ABSOLUTE
    ..\Src\stm32l4xx_it.c                    0x00000000   Number         0  stm32l4xx_it.o ABSOLUTE
    ..\Src\system_stm32l4xx.c                0x00000000   Number         0  system_stm32l4xx.o ABSOLUTE
    ..\\Bsp\\bsp.c                           0x00000000   Number         0  bsp.o ABSOLUTE
    ..\\Bsp\\bsp_cpu_rtc.c                   0x00000000   Number         0  bsp_cpu_rtc.o ABSOLUTE
    ..\\Bsp\\bsp_flash.c                     0x00000000   Number         0  bsp_flash.o ABSOLUTE
    ..\\Bsp\\bsp_led.c                       0x00000000   Number         0  bsp_led.o ABSOLUTE
    ..\\Bsp\\double_integral.c               0x00000000   Number         0  double_integral.o ABSOLUTE
    ..\\Drivers\\STM32L4xx_HAL_Driver\\Src\\stm32l4xx_hal_spi.c 0x00000000   Number         0  stm32l4xx_hal_spi.o ABSOLUTE
    ..\\Drivers\\STM32L4xx_HAL_Driver\\Src\\stm32l4xx_hal_uart.c 0x00000000   Number         0  stm32l4xx_hal_uart.o ABSOLUTE
    ..\\Drivers\\STM32L4xx_HAL_Driver\\Src\\stm32l4xx_hal_uart_ex.c 0x00000000   Number         0  stm32l4xx_hal_uart_ex.o ABSOLUTE
    ..\\Drivers\\STM32L4xx_HAL_Driver\\Src\\stm32l4xx_hal_usart.c 0x00000000   Number         0  stm32l4xx_hal_usart.o ABSOLUTE
    ..\\Drivers\\STM32L4xx_HAL_Driver\\Src\\stm32l4xx_hal_usart_ex.c 0x00000000   Number         0  stm32l4xx_hal_usart_ex.o ABSOLUTE
    ..\\Drivers\\STM32L4xx_HAL_Driver\\Src\\stm32l4xx_hal_wwdg.c 0x00000000   Number         0  stm32l4xx_hal_wwdg.o ABSOLUTE
    arm_bitreversal2.c                       0x00000000   Number         0  arm_bitreversal2.o ABSOLUTE
    arm_cfft_f32.c                           0x00000000   Number         0  arm_cfft_f32.o ABSOLUTE
    arm_cfft_radix8_f32.c                    0x00000000   Number         0  arm_cfft_radix8_f32.o ABSOLUTE
    arm_common_tables.c                      0x00000000   Number         0  arm_common_tables.o ABSOLUTE
    arm_const_structs.c                      0x00000000   Number         0  arm_const_structs.o ABSOLUTE
    arm_rfft_init_q15.c                      0x00000000   Number         0  arm_rfft_init_q15.o ABSOLUTE
    arm_rfft_init_q31.c                      0x00000000   Number         0  arm_rfft_init_q31.o ABSOLUTE
    cdcmple.s                                0x00000000   Number         0  cdcmple.o ABSOLUTE
    cdrcmple.s                               0x00000000   Number         0  cdrcmple.o ABSOLUTE
    dc.s                                     0x00000000   Number         0  dc.o ABSOLUTE
    handlers.s                               0x00000000   Number         0  handlers.o ABSOLUTE
    init.s                                   0x00000000   Number         0  init.o ABSOLUTE
    startup_stm32l4r9xx.s                    0x00000000   Number         0  startup_stm32l4r9xx.o ABSOLUTE
    RESET                                    0x08000000   Section      444  startup_stm32l4r9xx.o(RESET)
    .ARM.Collect$$$$00000000                 0x080001bc   Section        0  entry.o(.ARM.Collect$$$$00000000)
    .ARM.Collect$$$$00000001                 0x080001bc   Section        4  entry2.o(.ARM.Collect$$$$00000001)
    .ARM.Collect$$$$00000004                 0x080001c0   Section        4  entry5.o(.ARM.Collect$$$$00000004)
    .ARM.Collect$$$$00000008                 0x080001c4   Section        0  entry7b.o(.ARM.Collect$$$$00000008)
    .ARM.Collect$$$$0000000A                 0x080001c4   Section        0  entry8b.o(.ARM.Collect$$$$0000000A)
    .ARM.Collect$$$$0000000B                 0x080001c4   Section        8  entry9a.o(.ARM.Collect$$$$0000000B)
    .ARM.Collect$$$$0000000D                 0x080001cc   Section        0  entry10a.o(.ARM.Collect$$$$0000000D)
    .ARM.Collect$$$$0000000F                 0x080001cc   Section        0  entry11a.o(.ARM.Collect$$$$0000000F)
    .ARM.Collect$$$$00002712                 0x080001cc   Section        4  entry2.o(.ARM.Collect$$$$00002712)
    __lit__00000000                          0x080001cc   Data           4  entry2.o(.ARM.Collect$$$$00002712)
    .emb_text                                0x080001d0   Section      190  port.o(.emb_text)
    $v0                                      0x080001d0   Number         0  port.o(.emb_text)
    .text                                    0x080002b0   Section       36  startup_stm32l4r9xx.o(.text)
    $v0                                      0x080002b0   Number         0  startup_stm32l4r9xx.o(.text)
    .text                                    0x080002d4   Section       36  init.o(.text)
    .text                                    0x080002f8   Section        0  __dczerorl2.o(.text)
    i.BusFault_Handler                       0x0800034e   Section        0  stm32l4xx_it.o(i.BusFault_Handler)
    i.DebugMon_Handler                       0x08000352   Section        0  stm32l4xx_it.o(i.DebugMon_Handler)
    i.EarsePage                              0x08000354   Section        0  bsp_flash.o(i.EarsePage)
    i.FLASH_FlushCaches                      0x08000358   Section        0  stm32l4xx_hal_flash_ex.o(i.FLASH_FlushCaches)
    i.FLASH_MassErase                        0x080003c4   Section        0  stm32l4xx_hal_flash_ex.o(i.FLASH_MassErase)
    FLASH_MassErase                          0x080003c5   Thumb Code    76  stm32l4xx_hal_flash_ex.o(i.FLASH_MassErase)
    i.FLASH_PageErase                        0x08000414   Section        0  stm32l4xx_hal_flash_ex.o(i.FLASH_PageErase)
    i.FLASH_Program_DoubleWord               0x08000474   Section        0  stm32l4xx_hal_flash.o(i.FLASH_Program_DoubleWord)
    FLASH_Program_DoubleWord                 0x08000475   Thumb Code    36  stm32l4xx_hal_flash.o(i.FLASH_Program_DoubleWord)
    i.FLASH_Program_Fast                     0x0800049c   Section        0  stm32l4xx_hal_flash.o(i.FLASH_Program_Fast)
    FLASH_Program_Fast                       0x0800049d   Thumb Code    60  stm32l4xx_hal_flash.o(i.FLASH_Program_Fast)
    i.FLASH_WaitForLastOperation             0x080004dc   Section        0  stm32l4xx_hal_flash.o(i.FLASH_WaitForLastOperation)
    i.Flash_Erase                            0x08000578   Section        0  bsp_flash.o(i.Flash_Erase)
    i.GetBank                                0x080005ec   Section        0  bsp_flash.o(i.GetBank)
    i.GetPage                                0x08000664   Section        0  bsp_flash.o(i.GetPage)
    i.HAL_FLASHEx_Erase                      0x080006c8   Section        0  stm32l4xx_hal_flash_ex.o(i.HAL_FLASHEx_Erase)
    i.HAL_FLASH_Lock                         0x080007d8   Section        0  stm32l4xx_hal_flash.o(i.HAL_FLASH_Lock)
    i.HAL_FLASH_Program                      0x080007ec   Section        0  stm32l4xx_hal_flash.o(i.HAL_FLASH_Program)
    i.HAL_FLASH_Unlock                       0x080008ac   Section        0  stm32l4xx_hal_flash.o(i.HAL_FLASH_Unlock)
    i.HAL_GetTick                            0x080008dc   Section        0  stm32l4xx_hal.o(i.HAL_GetTick)
    i.HAL_IncTick                            0x080008e8   Section        0  stm32l4xx_hal.o(i.HAL_IncTick)
    i.HAL_RTCEx_WakeUpTimerEventCallback     0x08000900   Section        0  stm32l4xx_hal_rtc_ex.o(i.HAL_RTCEx_WakeUpTimerEventCallback)
    i.HAL_RTCEx_WakeUpTimerIRQHandler        0x08000904   Section        0  stm32l4xx_hal_rtc_ex.o(i.HAL_RTCEx_WakeUpTimerIRQHandler)
    i.HAL_TIMEx_Break2Callback               0x0800093c   Section        0  stm32l4xx_hal_tim_ex.o(i.HAL_TIMEx_Break2Callback)
    i.HAL_TIMEx_BreakCallback                0x0800093e   Section        0  stm32l4xx_hal_tim_ex.o(i.HAL_TIMEx_BreakCallback)
    i.HAL_TIMEx_CommutCallback               0x08000940   Section        0  stm32l4xx_hal_tim_ex.o(i.HAL_TIMEx_CommutCallback)
    i.HAL_TIM_IC_CaptureCallback             0x08000942   Section        0  stm32l4xx_hal_tim.o(i.HAL_TIM_IC_CaptureCallback)
    i.HAL_TIM_IRQHandler                     0x08000944   Section        0  stm32l4xx_hal_tim.o(i.HAL_TIM_IRQHandler)
    i.HAL_TIM_OC_DelayElapsedCallback        0x08000afc   Section        0  stm32l4xx_hal_tim.o(i.HAL_TIM_OC_DelayElapsedCallback)
    i.HAL_TIM_PWM_PulseFinishedCallback      0x08000afe   Section        0  stm32l4xx_hal_tim.o(i.HAL_TIM_PWM_PulseFinishedCallback)
    i.HAL_TIM_PeriodElapsedCallback          0x08000b00   Section        0  main.o(i.HAL_TIM_PeriodElapsedCallback)
    i.HAL_TIM_TriggerCallback                0x08000b18   Section        0  stm32l4xx_hal_tim.o(i.HAL_TIM_TriggerCallback)
    i.HardFault_Handler                      0x08000b1a   Section        0  stm32l4xx_it.o(i.HardFault_Handler)
    i.MemManage_Handler                      0x08000b1e   Section        0  stm32l4xx_it.o(i.MemManage_Handler)
    i.NMI_Handler                            0x08000b22   Section        0  stm32l4xx_it.o(i.NMI_Handler)
    i.RDBYTES                                0x08000b24   Section        0  bsp_flash.o(i.RDBYTES)
    i.RTC_WKUP_IRQHandler                    0x08000b40   Section        0  bsp_cpu_rtc.o(i.RTC_WKUP_IRQHandler)
    i.STMFLASH_Write                         0x08000b50   Section        0  bsp_flash.o(i.STMFLASH_Write)
    i.SysTick_Handler                        0x08000bf4   Section        0  port.o(i.SysTick_Handler)
    i.SystemInit                             0x08000c28   Section        0  system_stm32l4xx.o(i.SystemInit)
    i.TIM7_IRQHandler                        0x08000c78   Section        0  stm32l4xx_it.o(i.TIM7_IRQHandler)
    i.UsageFault_Handler                     0x08000c88   Section        0  stm32l4xx_it.o(i.UsageFault_Handler)
    i.WRBYTES                                0x08000c8c   Section        0  bsp_flash.o(i.WRBYTES)
    i.__scatterload_copy                     0x08000ca6   Section       14  handlers.o(i.__scatterload_copy)
    i.__scatterload_null                     0x08000cb4   Section        2  handlers.o(i.__scatterload_null)
    i.__scatterload_zeroinit                 0x08000cb6   Section       14  handlers.o(i.__scatterload_zeroinit)
    i.bsp_Init                               0x08000cc4   Section        0  bsp.o(i.bsp_Init)
    i.iap_load_app                           0x08000ccc   Section        0  main.o(i.iap_load_app)
    i.initEEPROM                             0x08000cf4   Section        0  bsp_flash.o(i.initEEPROM)
    i.loadConfig                             0x08000cfc   Section        0  bsp_flash.o(i.loadConfig)
    i.main                                   0x08000d4c   Section        0  main.o(i.main)
    i.prvResetNextTaskUnblockTime            0x08000db0   Section        0  tasks.o(i.prvResetNextTaskUnblockTime)
    prvResetNextTaskUnblockTime              0x08000db1   Thumb Code    42  tasks.o(i.prvResetNextTaskUnblockTime)
    i.saveConfig                             0x08000de4   Section        0  bsp_flash.o(i.saveConfig)
    i.uxListRemove                           0x08000e10   Section        0  list.o(i.uxListRemove)
    i.vListInsertEnd                         0x08000e38   Section        0  list.o(i.vListInsertEnd)
    i.vTaskSwitchContext                     0x08000e50   Section        0  tasks.o(i.vTaskSwitchContext)
    i.xTaskIncrementTick                     0x08000ee0   Section        0  tasks.o(i.xTaskIncrementTick)
    .data                                    0x20000000   Section     3120  main.o(.data)
    .data                                    0x20000c30   Section       64  bsp_flash.o(.data)
    .data                                    0x20000c70   Section       12  stm32l4xx_hal.o(.data)
    .data                                    0x20000c7c   Section       32  stm32l4xx_hal_flash.o(.data)
    .data                                    0x20000c9c   Section       60  tasks.o(.data)
    pxDelayedTaskList                        0x20000ca0   Data           4  tasks.o(.data)
    pxOverflowDelayedTaskList                0x20000ca4   Data           4  tasks.o(.data)
    uxDeletedTasksWaitingCleanUp             0x20000ca8   Data           4  tasks.o(.data)
    uxCurrentNumberOfTasks                   0x20000cac   Data           4  tasks.o(.data)
    xTickCount                               0x20000cb0   Data           4  tasks.o(.data)
    uxTopReadyPriority                       0x20000cb4   Data           4  tasks.o(.data)
    xSchedulerRunning                        0x20000cb8   Data           4  tasks.o(.data)
    uxPendedTicks                            0x20000cbc   Data           4  tasks.o(.data)
    xYieldPending                            0x20000cc0   Data           4  tasks.o(.data)
    xNumOfOverflows                          0x20000cc4   Data           4  tasks.o(.data)
    uxTaskNumber                             0x20000cc8   Data           4  tasks.o(.data)
    xNextTaskUnblockTime                     0x20000ccc   Data           4  tasks.o(.data)
    xIdleTaskHandle                          0x20000cd0   Data           4  tasks.o(.data)
    uxSchedulerSuspended                     0x20000cd4   Data           4  tasks.o(.data)
    .bss                                     0x20000cd8   Section    208236  main.o(.bss)
    .bss                                     0x20033a44   Section       64  stm32l4xx_hal_timebase_tim.o(.bss)
    .bss                                     0x20033a84   Section       36  bsp_cpu_rtc.o(.bss)
    .bss                                     0x20033aa8   Section       32  bsp_flash.o(.bss)
    EraseInitStruct                          0x20033aa8   Data          16  bsp_flash.o(.bss)
    .bss                                     0x20033ac8   Section     1220  tasks.o(.bss)
    pxReadyTasksLists                        0x20033ac8   Data        1120  tasks.o(.bss)
    xDelayedTaskList1                        0x20033f28   Data          20  tasks.o(.bss)
    xDelayedTaskList2                        0x20033f3c   Data          20  tasks.o(.bss)
    xPendingReadyList                        0x20033f50   Data          20  tasks.o(.bss)
    xTasksWaitingTermination                 0x20033f64   Data          20  tasks.o(.bss)
    xSuspendedTaskList                       0x20033f78   Data          20  tasks.o(.bss)
    STACK                                    0x20033f90   Section     1024  startup_stm32l4r9xx.o(STACK)

    Global Symbols

    Symbol Name                              Value     Ov Type        Size  Object(Section)

    BuildAttributes$$THM_ISAv4$E$P$D$K$B$S$7EM$VFPi3$EXTD16$VFPS$VFMA$PE$A:L22UL41UL21$X:L11$S22US41US21$IEEE1$IW$USESV6$~STKCKD$USESV7$~SHL$OTIME$ROPI$IEEEX$EBA8$MICROLIB$REQ8$PRES8$EABIv2 0x00000000   Number         0  anon$$obj.o ABSOLUTE
    __ARM_use_no_argv                        0x00000000   Number         0  main.o ABSOLUTE
    __cpp_initialize__aeabi_                  - Undefined Weak Reference
    __cxa_finalize                            - Undefined Weak Reference
    _clock_init                               - Undefined Weak Reference
    _microlib_exit                            - Undefined Weak Reference
    __Vectors_Size                           0x000001bc   Number         0  startup_stm32l4r9xx.o ABSOLUTE
    __Vectors                                0x08000000   Data           4  startup_stm32l4r9xx.o(RESET)
    __Vectors_End                            0x080001bc   Data           0  startup_stm32l4r9xx.o(RESET)
    __main                                   0x080001bd   Thumb Code     0  entry.o(.ARM.Collect$$$$00000000)
    _main_stk                                0x080001bd   Thumb Code     0  entry2.o(.ARM.Collect$$$$00000001)
    _main_scatterload                        0x080001c1   Thumb Code     0  entry5.o(.ARM.Collect$$$$00000004)
    __main_after_scatterload                 0x080001c5   Thumb Code     0  entry5.o(.ARM.Collect$$$$00000004)
    _main_clock                              0x080001c5   Thumb Code     0  entry7b.o(.ARM.Collect$$$$00000008)
    _main_cpp_init                           0x080001c5   Thumb Code     0  entry8b.o(.ARM.Collect$$$$0000000A)
    _main_init                               0x080001c5   Thumb Code     0  entry9a.o(.ARM.Collect$$$$0000000B)
    __rt_final_cpp                           0x080001cd   Thumb Code     0  entry10a.o(.ARM.Collect$$$$0000000D)
    __rt_final_exit                          0x080001cd   Thumb Code     0  entry11a.o(.ARM.Collect$$$$0000000F)
    SVC_Handler                              0x080001d1   Thumb Code    28  port.o(.emb_text)
    __asm___6_port_c_39a90d8d__prvStartFirstTask 0x080001f1   Thumb Code    36  port.o(.emb_text)
    __asm___6_port_c_39a90d8d__prvEnableVFP  0x08000219   Thumb Code    16  port.o(.emb_text)
    PendSV_Handler                           0x0800022d   Thumb Code    88  port.o(.emb_text)
    vPortGetIPSR                             0x08000289   Thumb Code     6  port.o(.emb_text)
    Reset_Handler                            0x080002b1   Thumb Code     8  startup_stm32l4r9xx.o(.text)
    ADC1_IRQHandler                          0x080002cb   Thumb Code     0  startup_stm32l4r9xx.o(.text)
    CAN1_RX0_IRQHandler                      0x080002cb   Thumb Code     0  startup_stm32l4r9xx.o(.text)
    CAN1_RX1_IRQHandler                      0x080002cb   Thumb Code     0  startup_stm32l4r9xx.o(.text)
    CAN1_SCE_IRQHandler                      0x080002cb   Thumb Code     0  startup_stm32l4r9xx.o(.text)
    CAN1_TX_IRQHandler                       0x080002cb   Thumb Code     0  startup_stm32l4r9xx.o(.text)
    COMP_IRQHandler                          0x080002cb   Thumb Code     0  startup_stm32l4r9xx.o(.text)
    CRS_IRQHandler                           0x080002cb   Thumb Code     0  startup_stm32l4r9xx.o(.text)
    DCMI_IRQHandler                          0x080002cb   Thumb Code     0  startup_stm32l4r9xx.o(.text)
    DFSDM1_FLT0_IRQHandler                   0x080002cb   Thumb Code     0  startup_stm32l4r9xx.o(.text)
    DFSDM1_FLT1_IRQHandler                   0x080002cb   Thumb Code     0  startup_stm32l4r9xx.o(.text)
    DFSDM1_FLT2_IRQHandler                   0x080002cb   Thumb Code     0  startup_stm32l4r9xx.o(.text)
    DFSDM1_FLT3_IRQHandler                   0x080002cb   Thumb Code     0  startup_stm32l4r9xx.o(.text)
    DMA1_Channel1_IRQHandler                 0x080002cb   Thumb Code     0  startup_stm32l4r9xx.o(.text)
    DMA1_Channel2_IRQHandler                 0x080002cb   Thumb Code     0  startup_stm32l4r9xx.o(.text)
    DMA1_Channel3_IRQHandler                 0x080002cb   Thumb Code     0  startup_stm32l4r9xx.o(.text)
    DMA1_Channel4_IRQHandler                 0x080002cb   Thumb Code     0  startup_stm32l4r9xx.o(.text)
    DMA1_Channel5_IRQHandler                 0x080002cb   Thumb Code     0  startup_stm32l4r9xx.o(.text)
    DMA1_Channel6_IRQHandler                 0x080002cb   Thumb Code     0  startup_stm32l4r9xx.o(.text)
    DMA1_Channel7_IRQHandler                 0x080002cb   Thumb Code     0  startup_stm32l4r9xx.o(.text)
    DMA2D_IRQHandler                         0x080002cb   Thumb Code     0  startup_stm32l4r9xx.o(.text)
    DMA2_Channel1_IRQHandler                 0x080002cb   Thumb Code     0  startup_stm32l4r9xx.o(.text)
    DMA2_Channel2_IRQHandler                 0x080002cb   Thumb Code     0  startup_stm32l4r9xx.o(.text)
    DMA2_Channel3_IRQHandler                 0x080002cb   Thumb Code     0  startup_stm32l4r9xx.o(.text)
    DMA2_Channel4_IRQHandler                 0x080002cb   Thumb Code     0  startup_stm32l4r9xx.o(.text)
    DMA2_Channel5_IRQHandler                 0x080002cb   Thumb Code     0  startup_stm32l4r9xx.o(.text)
    DMA2_Channel6_IRQHandler                 0x080002cb   Thumb Code     0  startup_stm32l4r9xx.o(.text)
    DMA2_Channel7_IRQHandler                 0x080002cb   Thumb Code     0  startup_stm32l4r9xx.o(.text)
    DMAMUX1_OVR_IRQHandler                   0x080002cb   Thumb Code     0  startup_stm32l4r9xx.o(.text)
    DSI_IRQHandler                           0x080002cb   Thumb Code     0  startup_stm32l4r9xx.o(.text)
    EXTI0_IRQHandler                         0x080002cb   Thumb Code     0  startup_stm32l4r9xx.o(.text)
    EXTI15_10_IRQHandler                     0x080002cb   Thumb Code     0  startup_stm32l4r9xx.o(.text)
    EXTI1_IRQHandler                         0x080002cb   Thumb Code     0  startup_stm32l4r9xx.o(.text)
    EXTI2_IRQHandler                         0x080002cb   Thumb Code     0  startup_stm32l4r9xx.o(.text)
    EXTI3_IRQHandler                         0x080002cb   Thumb Code     0  startup_stm32l4r9xx.o(.text)
    EXTI4_IRQHandler                         0x080002cb   Thumb Code     0  startup_stm32l4r9xx.o(.text)
    EXTI9_5_IRQHandler                       0x080002cb   Thumb Code     0  startup_stm32l4r9xx.o(.text)
    FLASH_IRQHandler                         0x080002cb   Thumb Code     0  startup_stm32l4r9xx.o(.text)
    FMC_IRQHandler                           0x080002cb   Thumb Code     0  startup_stm32l4r9xx.o(.text)
    FPU_IRQHandler                           0x080002cb   Thumb Code     0  startup_stm32l4r9xx.o(.text)
    GFXMMU_IRQHandler                        0x080002cb   Thumb Code     0  startup_stm32l4r9xx.o(.text)
    I2C1_ER_IRQHandler                       0x080002cb   Thumb Code     0  startup_stm32l4r9xx.o(.text)
    I2C1_EV_IRQHandler                       0x080002cb   Thumb Code     0  startup_stm32l4r9xx.o(.text)
    I2C2_ER_IRQHandler                       0x080002cb   Thumb Code     0  startup_stm32l4r9xx.o(.text)
    I2C2_EV_IRQHandler                       0x080002cb   Thumb Code     0  startup_stm32l4r9xx.o(.text)
    I2C3_ER_IRQHandler                       0x080002cb   Thumb Code     0  startup_stm32l4r9xx.o(.text)
    I2C3_EV_IRQHandler                       0x080002cb   Thumb Code     0  startup_stm32l4r9xx.o(.text)
    I2C4_ER_IRQHandler                       0x080002cb   Thumb Code     0  startup_stm32l4r9xx.o(.text)
    I2C4_EV_IRQHandler                       0x080002cb   Thumb Code     0  startup_stm32l4r9xx.o(.text)
    LPTIM1_IRQHandler                        0x080002cb   Thumb Code     0  startup_stm32l4r9xx.o(.text)
    LPTIM2_IRQHandler                        0x080002cb   Thumb Code     0  startup_stm32l4r9xx.o(.text)
    LPUART1_IRQHandler                       0x080002cb   Thumb Code     0  startup_stm32l4r9xx.o(.text)
    LTDC_ER_IRQHandler                       0x080002cb   Thumb Code     0  startup_stm32l4r9xx.o(.text)
    LTDC_IRQHandler                          0x080002cb   Thumb Code     0  startup_stm32l4r9xx.o(.text)
    OCTOSPI1_IRQHandler                      0x080002cb   Thumb Code     0  startup_stm32l4r9xx.o(.text)
    OCTOSPI2_IRQHandler                      0x080002cb   Thumb Code     0  startup_stm32l4r9xx.o(.text)
    OTG_FS_IRQHandler                        0x080002cb   Thumb Code     0  startup_stm32l4r9xx.o(.text)
    PVD_PVM_IRQHandler                       0x080002cb   Thumb Code     0  startup_stm32l4r9xx.o(.text)
    RCC_IRQHandler                           0x080002cb   Thumb Code     0  startup_stm32l4r9xx.o(.text)
    RNG_IRQHandler                           0x080002cb   Thumb Code     0  startup_stm32l4r9xx.o(.text)
    RTC_Alarm_IRQHandler                     0x080002cb   Thumb Code     0  startup_stm32l4r9xx.o(.text)
    SAI1_IRQHandler                          0x080002cb   Thumb Code     0  startup_stm32l4r9xx.o(.text)
    SAI2_IRQHandler                          0x080002cb   Thumb Code     0  startup_stm32l4r9xx.o(.text)
    SDMMC1_IRQHandler                        0x080002cb   Thumb Code     0  startup_stm32l4r9xx.o(.text)
    SPI1_IRQHandler                          0x080002cb   Thumb Code     0  startup_stm32l4r9xx.o(.text)
    SPI2_IRQHandler                          0x080002cb   Thumb Code     0  startup_stm32l4r9xx.o(.text)
    SPI3_IRQHandler                          0x080002cb   Thumb Code     0  startup_stm32l4r9xx.o(.text)
    TAMP_STAMP_IRQHandler                    0x080002cb   Thumb Code     0  startup_stm32l4r9xx.o(.text)
    TIM1_BRK_TIM15_IRQHandler                0x080002cb   Thumb Code     0  startup_stm32l4r9xx.o(.text)
    TIM1_CC_IRQHandler                       0x080002cb   Thumb Code     0  startup_stm32l4r9xx.o(.text)
    TIM1_TRG_COM_TIM17_IRQHandler            0x080002cb   Thumb Code     0  startup_stm32l4r9xx.o(.text)
    TIM1_UP_TIM16_IRQHandler                 0x080002cb   Thumb Code     0  startup_stm32l4r9xx.o(.text)
    TIM2_IRQHandler                          0x080002cb   Thumb Code     0  startup_stm32l4r9xx.o(.text)
    TIM3_IRQHandler                          0x080002cb   Thumb Code     0  startup_stm32l4r9xx.o(.text)
    TIM4_IRQHandler                          0x080002cb   Thumb Code     0  startup_stm32l4r9xx.o(.text)
    TIM5_IRQHandler                          0x080002cb   Thumb Code     0  startup_stm32l4r9xx.o(.text)
    TIM6_DAC_IRQHandler                      0x080002cb   Thumb Code     0  startup_stm32l4r9xx.o(.text)
    TIM8_BRK_IRQHandler                      0x080002cb   Thumb Code     0  startup_stm32l4r9xx.o(.text)
    TIM8_CC_IRQHandler                       0x080002cb   Thumb Code     0  startup_stm32l4r9xx.o(.text)
    TIM8_TRG_COM_IRQHandler                  0x080002cb   Thumb Code     0  startup_stm32l4r9xx.o(.text)
    TIM8_UP_IRQHandler                       0x080002cb   Thumb Code     0  startup_stm32l4r9xx.o(.text)
    TSC_IRQHandler                           0x080002cb   Thumb Code     0  startup_stm32l4r9xx.o(.text)
    UART4_IRQHandler                         0x080002cb   Thumb Code     0  startup_stm32l4r9xx.o(.text)
    UART5_IRQHandler                         0x080002cb   Thumb Code     0  startup_stm32l4r9xx.o(.text)
    USART1_IRQHandler                        0x080002cb   Thumb Code     0  startup_stm32l4r9xx.o(.text)
    USART2_IRQHandler                        0x080002cb   Thumb Code     0  startup_stm32l4r9xx.o(.text)
    USART3_IRQHandler                        0x080002cb   Thumb Code     0  startup_stm32l4r9xx.o(.text)
    WWDG_IRQHandler                          0x080002cb   Thumb Code     0  startup_stm32l4r9xx.o(.text)
    __scatterload                            0x080002d5   Thumb Code    28  init.o(.text)
    __scatterload_rt2                        0x080002d5   Thumb Code     0  init.o(.text)
    __decompress                             0x080002f9   Thumb Code     0  __dczerorl2.o(.text)
    __decompress1                            0x080002f9   Thumb Code    86  __dczerorl2.o(.text)
    BusFault_Handler                         0x0800034f   Thumb Code     4  stm32l4xx_it.o(i.BusFault_Handler)
    DebugMon_Handler                         0x08000353   Thumb Code     2  stm32l4xx_it.o(i.DebugMon_Handler)
    EarsePage                                0x08000355   Thumb Code     2  bsp_flash.o(i.EarsePage)
    FLASH_FlushCaches                        0x08000359   Thumb Code   100  stm32l4xx_hal_flash_ex.o(i.FLASH_FlushCaches)
    FLASH_PageErase                          0x08000415   Thumb Code    90  stm32l4xx_hal_flash_ex.o(i.FLASH_PageErase)
    FLASH_WaitForLastOperation               0x080004dd   Thumb Code   142  stm32l4xx_hal_flash.o(i.FLASH_WaitForLastOperation)
    Flash_Erase                              0x08000579   Thumb Code    92  bsp_flash.o(i.Flash_Erase)
    GetBank                                  0x080005ed   Thumb Code   110  bsp_flash.o(i.GetBank)
    GetPage                                  0x08000665   Thumb Code    94  bsp_flash.o(i.GetPage)
    HAL_FLASHEx_Erase                        0x080006c9   Thumb Code   262  stm32l4xx_hal_flash_ex.o(i.HAL_FLASHEx_Erase)
    HAL_FLASH_Lock                           0x080007d9   Thumb Code    16  stm32l4xx_hal_flash.o(i.HAL_FLASH_Lock)
    HAL_FLASH_Program                        0x080007ed   Thumb Code   182  stm32l4xx_hal_flash.o(i.HAL_FLASH_Program)
    HAL_FLASH_Unlock                         0x080008ad   Thumb Code    36  stm32l4xx_hal_flash.o(i.HAL_FLASH_Unlock)
    HAL_GetTick                              0x080008dd   Thumb Code     6  stm32l4xx_hal.o(i.HAL_GetTick)
    HAL_IncTick                              0x080008e9   Thumb Code    16  stm32l4xx_hal.o(i.HAL_IncTick)
    HAL_RTCEx_WakeUpTimerEventCallback       0x08000901   Thumb Code     2  stm32l4xx_hal_rtc_ex.o(i.HAL_RTCEx_WakeUpTimerEventCallback)
    HAL_RTCEx_WakeUpTimerIRQHandler          0x08000905   Thumb Code    52  stm32l4xx_hal_rtc_ex.o(i.HAL_RTCEx_WakeUpTimerIRQHandler)
    HAL_TIMEx_Break2Callback                 0x0800093d   Thumb Code     2  stm32l4xx_hal_tim_ex.o(i.HAL_TIMEx_Break2Callback)
    HAL_TIMEx_BreakCallback                  0x0800093f   Thumb Code     2  stm32l4xx_hal_tim_ex.o(i.HAL_TIMEx_BreakCallback)
    HAL_TIMEx_CommutCallback                 0x08000941   Thumb Code     2  stm32l4xx_hal_tim_ex.o(i.HAL_TIMEx_CommutCallback)
    HAL_TIM_IC_CaptureCallback               0x08000943   Thumb Code     2  stm32l4xx_hal_tim.o(i.HAL_TIM_IC_CaptureCallback)
    HAL_TIM_IRQHandler                       0x08000945   Thumb Code   440  stm32l4xx_hal_tim.o(i.HAL_TIM_IRQHandler)
    HAL_TIM_OC_DelayElapsedCallback          0x08000afd   Thumb Code     2  stm32l4xx_hal_tim.o(i.HAL_TIM_OC_DelayElapsedCallback)
    HAL_TIM_PWM_PulseFinishedCallback        0x08000aff   Thumb Code     2  stm32l4xx_hal_tim.o(i.HAL_TIM_PWM_PulseFinishedCallback)
    HAL_TIM_PeriodElapsedCallback            0x08000b01   Thumb Code    18  main.o(i.HAL_TIM_PeriodElapsedCallback)
    HAL_TIM_TriggerCallback                  0x08000b19   Thumb Code     2  stm32l4xx_hal_tim.o(i.HAL_TIM_TriggerCallback)
    HardFault_Handler                        0x08000b1b   Thumb Code     4  stm32l4xx_it.o(i.HardFault_Handler)
    MemManage_Handler                        0x08000b1f   Thumb Code     4  stm32l4xx_it.o(i.MemManage_Handler)
    NMI_Handler                              0x08000b23   Thumb Code     2  stm32l4xx_it.o(i.NMI_Handler)
    RDBYTES                                  0x08000b25   Thumb Code    26  bsp_flash.o(i.RDBYTES)
    RTC_WKUP_IRQHandler                      0x08000b41   Thumb Code    10  bsp_cpu_rtc.o(i.RTC_WKUP_IRQHandler)
    STMFLASH_Write                           0x08000b51   Thumb Code   138  bsp_flash.o(i.STMFLASH_Write)
    SysTick_Handler                          0x08000bf5   Thumb Code    46  port.o(i.SysTick_Handler)
    SystemInit                               0x08000c29   Thumb Code    68  system_stm32l4xx.o(i.SystemInit)
    TIM7_IRQHandler                          0x08000c79   Thumb Code    10  stm32l4xx_it.o(i.TIM7_IRQHandler)
    UsageFault_Handler                       0x08000c89   Thumb Code     4  stm32l4xx_it.o(i.UsageFault_Handler)
    WRBYTES                                  0x08000c8d   Thumb Code    26  bsp_flash.o(i.WRBYTES)
    __scatterload_copy                       0x08000ca7   Thumb Code    14  handlers.o(i.__scatterload_copy)
    __scatterload_null                       0x08000cb5   Thumb Code     2  handlers.o(i.__scatterload_null)
    __scatterload_zeroinit                   0x08000cb7   Thumb Code    14  handlers.o(i.__scatterload_zeroinit)
    bsp_Init                                 0x08000cc5   Thumb Code     8  bsp.o(i.bsp_Init)
    iap_load_app                             0x08000ccd   Thumb Code    30  main.o(i.iap_load_app)
    initEEPROM                               0x08000cf5   Thumb Code     8  bsp_flash.o(i.initEEPROM)
    loadConfig                               0x08000cfd   Thumb Code    70  bsp_flash.o(i.loadConfig)
    main                                     0x08000d4d   Thumb Code    82  main.o(i.main)
    saveConfig                               0x08000de5   Thumb Code    30  bsp_flash.o(i.saveConfig)
    uxListRemove                             0x08000e11   Thumb Code    40  list.o(i.uxListRemove)
    vListInsertEnd                           0x08000e39   Thumb Code    24  list.o(i.vListInsertEnd)
    vTaskSwitchContext                       0x08000e51   Thumb Code   122  tasks.o(i.vTaskSwitchContext)
    xTaskIncrementTick                       0x08000ee1   Thumb Code   280  tasks.o(i.xTaskIncrementTick)
    Region$$Table$$Base                      0x08001024   Number         0  anon$$obj.o(Region$$Table)
    Region$$Table$$Limit                     0x08001044   Number         0  anon$$obj.o(Region$$Table)
    config                                   0x20000000   Data        3080  main.o(.data)
    defaultTaskHandle                        0x20000c08   Data           4  main.o(.data)
    DateProcessHandle                        0x20000c0c   Data           4  main.o(.data)
    DateEmuHandle                            0x20000c10   Data           4  main.o(.data)
    RxdBufProcessHandle                      0x20000c14   Data           4  main.o(.data)
    Esp32ProcessHandle                       0x20000c18   Data           4  main.o(.data)
    ad7682_readyHandle                       0x20000c1c   Data           4  main.o(.data)
    seconds_sample_data_readyHandle          0x20000c20   Data           4  main.o(.data)
    write_data_readyHandle                   0x20000c24   Data           4  main.o(.data)
    jump2app                                 0x20000c28   Data           4  main.o(.data)
    sleepcounter                             0x20000c2c   Data           4  main.o(.data)
    FirstPage                                0x20000c30   Data           4  bsp_flash.o(.data)
    NbOfPages                                0x20000c34   Data           4  bsp_flash.o(.data)
    BankNumber                               0x20000c38   Data           4  bsp_flash.o(.data)
    Address                                  0x20000c3c   Data           4  bsp_flash.o(.data)
    PAGEError                                0x20000c40   Data           4  bsp_flash.o(.data)
    data32                                   0x20000c44   Data           4  bsp_flash.o(.data)
    MemoryProgramStatus                      0x20000c48   Data           4  bsp_flash.o(.data)
    My_Address                               0x20000c4c   Data           4  bsp_flash.o(.data)
    My_PAGEError                             0x20000c50   Data           4  bsp_flash.o(.data)
    MY_FirstPage                             0x20000c54   Data           4  bsp_flash.o(.data)
    MY_NbOfPages                             0x20000c58   Data           4  bsp_flash.o(.data)
    MY_BankNumber                            0x20000c5c   Data           4  bsp_flash.o(.data)
    ssssss                                   0x20000c60   Data           8  bsp_flash.o(.data)
    temp_num                                 0x20000c68   Data           4  bsp_flash.o(.data)
    llength                                  0x20000c6c   Data           4  bsp_flash.o(.data)
    uwTick                                   0x20000c70   Data           4  stm32l4xx_hal.o(.data)
    uwTickPrio                               0x20000c74   Data           4  stm32l4xx_hal.o(.data)
    uwTickFreq                               0x20000c78   Data           4  stm32l4xx_hal.o(.data)
    pFlash                                   0x20000c7c   Data          32  stm32l4xx_hal_flash.o(.data)
    pxCurrentTCB                             0x20000c9c   Data           4  tasks.o(.data)
    Parameter                                0x20000cd8   Data        3304  main.o(.bss)
    hrtc                                     0x200019c0   Data          36  main.o(.bss)
    myBinarySem01ControlBlock                0x200019e4   Data          80  main.o(.bss)
    update_program                           0x20001a34   Data       204800  main.o(.bss)
    EraseInitStruct                          0x20033a34   Data          16  main.o(.bss)
    htim7                                    0x20033a44   Data          64  stm32l4xx_hal_timebase_tim.o(.bss)
    RtcHandle                                0x20033a84   Data          36  bsp_cpu_rtc.o(.bss)
    My_EraseInitStruct                       0x20033ab8   Data          16  bsp_flash.o(.bss)
    __initial_sp                             0x20034390   Data           0  startup_stm32l4r9xx.o(STACK)



==============================================================================

Memory Map of the image

  Image Entry point : 0x080001bd

  Load Region LR_IROM1 (Base: 0x08000000, Size: 0x00001d1c, Max: 0x00020000, ABSOLUTE, COMPRESSED[0x00001158])

    Execution Region ER_IROM1 (Exec base: 0x08000000, Load base: 0x08000000, Size: 0x00001044, Max: 0x00020000, ABSOLUTE)

    Exec Addr    Load Addr    Size         Type   Attr      Idx    E Section Name        Object

    0x08000000   0x08000000   0x000001bc   Data   RO         5159    RESET               startup_stm32l4r9xx.o
    0x080001bc   0x080001bc   0x00000000   Code   RO         7050  * .ARM.Collect$$$$00000000  mc_w.l(entry.o)
    0x080001bc   0x080001bc   0x00000004   Code   RO         7110    .ARM.Collect$$$$00000001  mc_w.l(entry2.o)
    0x080001c0   0x080001c0   0x00000004   Code   RO         7113    .ARM.Collect$$$$00000004  mc_w.l(entry5.o)
    0x080001c4   0x080001c4   0x00000000   Code   RO         7115    .ARM.Collect$$$$00000008  mc_w.l(entry7b.o)
    0x080001c4   0x080001c4   0x00000000   Code   RO         7117    .ARM.Collect$$$$0000000A  mc_w.l(entry8b.o)
    0x080001c4   0x080001c4   0x00000008   Code   RO         7118    .ARM.Collect$$$$0000000B  mc_w.l(entry9a.o)
    0x080001cc   0x080001cc   0x00000000   Code   RO         7120    .ARM.Collect$$$$0000000D  mc_w.l(entry10a.o)
    0x080001cc   0x080001cc   0x00000000   Code   RO         7122    .ARM.Collect$$$$0000000F  mc_w.l(entry11a.o)
    0x080001cc   0x080001cc   0x00000004   Code   RO         7111    .ARM.Collect$$$$00002712  mc_w.l(entry2.o)
    0x080001d0   0x080001d0   0x000000de   Code   RO         6763    .emb_text           port.o
    0x080002ae   0x080002ae   0x00000002   PAD
    0x080002b0   0x080002b0   0x00000024   Code   RO         5160    .text               startup_stm32l4r9xx.o
    0x080002d4   0x080002d4   0x00000024   Code   RO         7156    .text               mc_w.l(init.o)
    0x080002f8   0x080002f8   0x00000056   Code   RO         7170    .text               mc_w.l(__dczerorl2.o)
    0x0800034e   0x0800034e   0x00000004   Code   RO          461    i.BusFault_Handler  stm32l4xx_it.o
    0x08000352   0x08000352   0x00000002   Code   RO          462    i.DebugMon_Handler  stm32l4xx_it.o
    0x08000354   0x08000354   0x00000002   Code   RO          803    i.EarsePage         bsp_flash.o
    0x08000356   0x08000356   0x00000002   PAD
    0x08000358   0x08000358   0x0000006c   Code   RO         2973    i.FLASH_FlushCaches  stm32l4xx_hal_flash_ex.o
    0x080003c4   0x080003c4   0x00000050   Code   RO         2974    i.FLASH_MassErase   stm32l4xx_hal_flash_ex.o
    0x08000414   0x08000414   0x00000060   Code   RO         2983    i.FLASH_PageErase   stm32l4xx_hal_flash_ex.o
    0x08000474   0x08000474   0x00000028   Code   RO         2864    i.FLASH_Program_DoubleWord  stm32l4xx_hal_flash.o
    0x0800049c   0x0800049c   0x00000040   Code   RO         2865    i.FLASH_Program_Fast  stm32l4xx_hal_flash.o
    0x080004dc   0x080004dc   0x0000009c   Code   RO         2866    i.FLASH_WaitForLastOperation  stm32l4xx_hal_flash.o
    0x08000578   0x08000578   0x00000074   Code   RO          804    i.Flash_Erase       bsp_flash.o
    0x080005ec   0x080005ec   0x00000078   Code   RO          805    i.GetBank           bsp_flash.o
    0x08000664   0x08000664   0x00000064   Code   RO          806    i.GetPage           bsp_flash.o
    0x080006c8   0x080006c8   0x00000110   Code   RO         2985    i.HAL_FLASHEx_Erase  stm32l4xx_hal_flash_ex.o
    0x080007d8   0x080007d8   0x00000014   Code   RO         2870    i.HAL_FLASH_Lock    stm32l4xx_hal_flash.o
    0x080007ec   0x080007ec   0x000000c0   Code   RO         2875    i.HAL_FLASH_Program  stm32l4xx_hal_flash.o
    0x080008ac   0x080008ac   0x00000030   Code   RO         2877    i.HAL_FLASH_Unlock  stm32l4xx_hal_flash.o
    0x080008dc   0x080008dc   0x0000000c   Code   RO         2340    i.HAL_GetTick       stm32l4xx_hal.o
    0x080008e8   0x080008e8   0x00000018   Code   RO         2346    i.HAL_IncTick       stm32l4xx_hal.o
    0x08000900   0x08000900   0x00000002   Code   RO         1157    i.HAL_RTCEx_WakeUpTimerEventCallback  stm32l4xx_hal_rtc_ex.o
    0x08000902   0x08000902   0x00000002   PAD
    0x08000904   0x08000904   0x00000038   Code   RO         1158    i.HAL_RTCEx_WakeUpTimerIRQHandler  stm32l4xx_hal_rtc_ex.o
    0x0800093c   0x0800093c   0x00000002   Code   RO         2060    i.HAL_TIMEx_Break2Callback  stm32l4xx_hal_tim_ex.o
    0x0800093e   0x0800093e   0x00000002   Code   RO         2061    i.HAL_TIMEx_BreakCallback  stm32l4xx_hal_tim_ex.o
    0x08000940   0x08000940   0x00000002   Code   RO         2062    i.HAL_TIMEx_CommutCallback  stm32l4xx_hal_tim_ex.o
    0x08000942   0x08000942   0x00000002   Code   RO         1393    i.HAL_TIM_IC_CaptureCallback  stm32l4xx_hal_tim.o
    0x08000944   0x08000944   0x000001b8   Code   RO         1407    i.HAL_TIM_IRQHandler  stm32l4xx_hal_tim.o
    0x08000afc   0x08000afc   0x00000002   Code   RO         1410    i.HAL_TIM_OC_DelayElapsedCallback  stm32l4xx_hal_tim.o
    0x08000afe   0x08000afe   0x00000002   Code   RO         1437    i.HAL_TIM_PWM_PulseFinishedCallback  stm32l4xx_hal_tim.o
    0x08000b00   0x08000b00   0x00000018   Code   RO            6    i.HAL_TIM_PeriodElapsedCallback  main.o
    0x08000b18   0x08000b18   0x00000002   Code   RO         1450    i.HAL_TIM_TriggerCallback  stm32l4xx_hal_tim.o
    0x08000b1a   0x08000b1a   0x00000004   Code   RO          463    i.HardFault_Handler  stm32l4xx_it.o
    0x08000b1e   0x08000b1e   0x00000004   Code   RO          464    i.MemManage_Handler  stm32l4xx_it.o
    0x08000b22   0x08000b22   0x00000002   Code   RO          465    i.NMI_Handler       stm32l4xx_it.o
    0x08000b24   0x08000b24   0x0000001a   Code   RO          807    i.RDBYTES           bsp_flash.o
    0x08000b3e   0x08000b3e   0x00000002   PAD
    0x08000b40   0x08000b40   0x00000010   Code   RO          730    i.RTC_WKUP_IRQHandler  bsp_cpu_rtc.o
    0x08000b50   0x08000b50   0x000000a4   Code   RO          810    i.STMFLASH_Write    bsp_flash.o
    0x08000bf4   0x08000bf4   0x00000034   Code   RO         6764    i.SysTick_Handler   port.o
    0x08000c28   0x08000c28   0x00000050   Code   RO         5124    i.SystemInit        system_stm32l4xx.o
    0x08000c78   0x08000c78   0x00000010   Code   RO          466    i.TIM7_IRQHandler   stm32l4xx_it.o
    0x08000c88   0x08000c88   0x00000004   Code   RO          467    i.UsageFault_Handler  stm32l4xx_it.o
    0x08000c8c   0x08000c8c   0x0000001a   Code   RO          811    i.WRBYTES           bsp_flash.o
    0x08000ca6   0x08000ca6   0x0000000e   Code   RO         7164    i.__scatterload_copy  mc_w.l(handlers.o)
    0x08000cb4   0x08000cb4   0x00000002   Code   RO         7165    i.__scatterload_null  mc_w.l(handlers.o)
    0x08000cb6   0x08000cb6   0x0000000e   Code   RO         7166    i.__scatterload_zeroinit  mc_w.l(handlers.o)
    0x08000cc4   0x08000cc4   0x00000008   Code   RO          620    i.bsp_Init          bsp.o
    0x08000ccc   0x08000ccc   0x00000028   Code   RO           12    i.iap_load_app      main.o
    0x08000cf4   0x08000cf4   0x00000008   Code   RO          812    i.initEEPROM        bsp_flash.o
    0x08000cfc   0x08000cfc   0x00000050   Code   RO          813    i.loadConfig        bsp_flash.o
    0x08000d4c   0x08000d4c   0x00000064   Code   RO           13    i.main              main.o
    0x08000db0   0x08000db0   0x00000034   Code   RO         5746    i.prvResetNextTaskUnblockTime  tasks.o
    0x08000de4   0x08000de4   0x0000002c   Code   RO          815    i.saveConfig        bsp_flash.o
    0x08000e10   0x08000e10   0x00000028   Code   RO         5292    i.uxListRemove      list.o
    0x08000e38   0x08000e38   0x00000018   Code   RO         5296    i.vListInsertEnd    list.o
    0x08000e50   0x08000e50   0x00000090   Code   RO         5779    i.vTaskSwitchContext  tasks.o
    0x08000ee0   0x08000ee0   0x00000144   Code   RO         5789    i.xTaskIncrementTick  tasks.o
    0x08001024   0x08001024   0x00000020   Data   RO         7162    Region$$Table       anon$$obj.o


    Execution Region RW_IRAM1 (Exec base: 0x20000000, Load base: 0x08001044, Size: 0x00034390, Max: 0x000a0000, ABSOLUTE, COMPRESSED[0x00000114])

    Exec Addr    Load Addr    Size         Type   Attr      Idx    E Section Name        Object

    0x20000000   COMPRESSED   0x00000c30   Data   RW           17    .data               main.o
    0x20000c30   COMPRESSED   0x00000040   Data   RW          817    .data               bsp_flash.o
    0x20000c70   COMPRESSED   0x0000000c   Data   RW         2364    .data               stm32l4xx_hal.o
    0x20000c7c   COMPRESSED   0x00000020   Data   RW         2878    .data               stm32l4xx_hal_flash.o
    0x20000c9c   COMPRESSED   0x0000003c   Data   RW         5798    .data               tasks.o
    0x20000cd8        -       0x00032d6c   Zero   RW           16    .bss                main.o
    0x20033a44        -       0x00000040   Zero   RW          583    .bss                stm32l4xx_hal_timebase_tim.o
    0x20033a84        -       0x00000024   Zero   RW          733    .bss                bsp_cpu_rtc.o
    0x20033aa8        -       0x00000020   Zero   RW          816    .bss                bsp_flash.o
    0x20033ac8        -       0x000004c4   Zero   RW         5797    .bss                tasks.o
    0x20033f8c   COMPRESSED   0x00000004   PAD
    0x20033f90        -       0x00000400   Zero   RW         5157    STACK               startup_stm32l4r9xx.o


==============================================================================

Image component sizes


      Code (inc. data)   RO Data    RW Data    ZI Data      Debug   Object Name

         8          0          0          0          0        447   bsp.o
        16          6          0          0         36       1705   bsp_cpu_rtc.o
       686         90          0         64         32       6987   bsp_flash.o
         0          0          0          0          0       1472   double_integral.o
         0          0          0          0          0      16088   event_groups.o
         0          0          0          0          0     965761   freertos.o
        64          0          0          0          0       1732   list.o
       164         34          0       3120     208236     986501   main.o
       274         22          0          0          0       3706   port.o
        36          8        444          0       1024        804   startup_stm32l4r9xx.o
        36         14          0         12          0       2391   stm32l4xx_hal.o
       520         48          0         32          0      23554   stm32l4xx_hal_flash.o
       556         28          0          0          0       3218   stm32l4xx_hal_flash_ex.o
        58          4          0          0          0       2175   stm32l4xx_hal_rtc_ex.o
       448          0          0          0          0       3698   stm32l4xx_hal_tim.o
         6          0          0          0          0       2180   stm32l4xx_hal_tim_ex.o
         0          0          0          0         64        224   stm32l4xx_hal_timebase_tim.o
        36          6          0          0          0       3259   stm32l4xx_it.o
        80         12          0          0          0        493   system_stm32l4xx.o
       520         76          0         60       1220       6553   tasks.o

    ----------------------------------------------------------------------
      3516        348        476       3288     210616    2032948   Object Totals
         0          0         32          0          0          0   (incl. Generated)
         8          0          0          0          4          0   (incl. Padding)

    ----------------------------------------------------------------------

      Code (inc. data)   RO Data    RW Data    ZI Data      Debug   Library Member Name

        86          0          0          0          0          0   __dczerorl2.o
         0          0          0          0          0          0   entry.o
         0          0          0          0          0          0   entry10a.o
         0          0          0          0          0          0   entry11a.o
         8          4          0          0          0          0   entry2.o
         4          0          0          0          0          0   entry5.o
         0          0          0          0          0          0   entry7b.o
         0          0          0          0          0          0   entry8b.o
         8          4          0          0          0          0   entry9a.o
        30          0          0          0          0          0   handlers.o
        36          8          0          0          0         68   init.o

    ----------------------------------------------------------------------
       172         16          0          0          0         68   Library Totals
         0          0          0          0          0          0   (incl. Padding)

    ----------------------------------------------------------------------

      Code (inc. data)   RO Data    RW Data    ZI Data      Debug   Library Name

       172         16          0          0          0         68   mc_w.l

    ----------------------------------------------------------------------
       172         16          0          0          0         68   Library Totals

    ----------------------------------------------------------------------

==============================================================================


      Code (inc. data)   RO Data    RW Data    ZI Data      Debug   

      3688        364        476       3288     210616    2028700   Grand Totals
      3688        364        476        276     210616    2028700   ELF Image Totals (compressed)
      3688        364        476        276          0          0   ROM Totals

==============================================================================

    Total RO  Size (Code + RO Data)                 4164 (   4.07kB)
    Total RW  Size (RW Data + ZI Data)            213904 ( 208.89kB)
    Total ROM Size (Code + RO Data + RW Data)       4440 (   4.34kB)

==============================================================================

